#0 building with "desktop-linux" instance using docker driver

#1 [internal] load build definition from Dockerfile
#1 transferring dockerfile: 222B done
#1 DONE 0.0s

#2 [internal] load metadata for docker.io/library/python:3.12-slim
#2 DONE 0.0s

#3 [internal] load .dockerignore
#3 transferring context: 2B done
#3 DONE 0.0s

#4 [1/3] FROM docker.io/library/python:3.12-slim@sha256:423ed6ab25b1921a477529254bfeeabf5855151dc2c3141699a1bfc852199fbf
#4 resolve docker.io/library/python:3.12-slim@sha256:423ed6ab25b1921a477529254bfeeabf5855151dc2c3141699a1bfc852199fbf 0.0s done
#4 CACHED

#5 [internal] load build context
#5 transferring context: 22.83kB done
#5 DONE 0.0s

#6 [2/3] COPY script.txt /app/script.txt
#6 DONE 0.0s

#7 [3/3] WORKDIR /app
#7 DONE 0.0s

#8 exporting to image
#8 exporting layers 0.1s done
#8 exporting manifest sha256:aaacf712a22898bcfa576ac4a3bc6cc2e8eeb6b83346ce9da17977774752740b done
#8 exporting config sha256:20229aa95e2129372374336755255076c8a4adf1a5cb6f2bc35a5270ec3409f6 done
#8 exporting attestation manifest sha256:e0f10085dde5de2bc78e2d57af071eb507c543722b171939a740f6ae8668def3 0.0s done
#8 exporting manifest list sha256:45699b97b8ad131b8b93e94734b5d246efa715da24e50f31aa5eb69c6ead8a6d 0.0s done
#8 naming to docker.io/library/hermes-pr13-zero-dialogue-parser:20260702T113533Z done
#8 unpacking to docker.io/library/hermes-pr13-zero-dialogue-parser:20260702T113533Z 0.0s done
#8 DONE 0.2s
