#0 building with "desktop-linux" instance using docker driver

#1 [internal] load build definition from Dockerfile
#1 transferring dockerfile: 156B done
#1 DONE 0.0s

#2 [internal] load metadata for docker.io/library/python:3.12-slim
#2 DONE 0.0s

#3 [internal] load .dockerignore
#3 transferring context: 2B done
#3 DONE 0.0s

#4 [internal] load build context
#4 transferring context: 31B done
#4 DONE 0.0s

#5 [2/3] WORKDIR /root
#5 CACHED

#6 [1/3] FROM docker.io/library/python:3.12-slim@sha256:423ed6ab25b1921a477529254bfeeabf5855151dc2c3141699a1bfc852199fbf
#6 resolve docker.io/library/python:3.12-slim@sha256:423ed6ab25b1921a477529254bfeeabf5855151dc2c3141699a1bfc852199fbf 0.0s done
#6 CACHED

#7 [3/3] COPY data.json /root/data.json
#7 DONE 0.0s

#8 exporting to image
#8 exporting layers
#8 exporting layers 0.1s done
#8 exporting manifest sha256:5cf72ebd70323ca4e3a2d943bcfc88acfc544849b0091fb49e4ea8653eb8065b done
#8 exporting config sha256:6300be0e50e5e08b99fa40761a5c6deb42c159108f1a87e8ae719e13247d82bb done
#8 exporting attestation manifest sha256:b3e48dfd384c02594e91923cd14b8e16e2870bd746425ea3edc5ef6ea60da122 0.0s done
#8 exporting manifest list sha256:bcab00ae698b3cd35230439b5be9dcce5e6137eb16bedc066755ef659374535b 0.0s done
#8 naming to docker.io/library/hermes-pr13-zero-bike-rebalance:20260702T113533Z done
#8 unpacking to docker.io/library/hermes-pr13-zero-bike-rebalance:20260702T113533Z
#8 unpacking to docker.io/library/hermes-pr13-zero-bike-rebalance:20260702T113533Z 0.0s done
#8 DONE 0.2s
