#0 building with "desktop-linux" instance using docker driver

#1 [internal] load build definition from Dockerfile
#1 transferring dockerfile: 260B done
#1 DONE 0.0s

#2 [internal] load metadata for docker.io/library/python:3.12-slim
#2 DONE 0.0s

#3 [internal] load .dockerignore
#3 transferring context: 2B done
#3 DONE 0.0s

#4 [1/3] FROM docker.io/library/python:3.12-slim@sha256:423ed6ab25b1921a477529254bfeeabf5855151dc2c3141699a1bfc852199fbf
#4 resolve docker.io/library/python:3.12-slim@sha256:423ed6ab25b1921a477529254bfeeabf5855151dc2c3141699a1bfc852199fbf 0.0s done
#4 CACHED

#5 [internal] load build context
#5 transferring context: 39.57kB done
#5 DONE 0.0s

#6 [2/4] COPY offer_letter_template.docx /root/offer_letter_template.docx
#6 DONE 0.0s

#7 [3/4] COPY employee_data.json /root/employee_data.json
#7 DONE 0.0s

#8 [4/4] WORKDIR /root
#8 DONE 0.0s

#9 exporting to image
#9 exporting layers 0.1s done
#9 exporting manifest sha256:3b2a1af341626e86e54745103ea8700f27fa5f9e165915129341188f92d87501 0.0s done
#9 exporting config sha256:471dd4afdf15f1a7d35aecc11f5be5e58e03f9036b01a9995ac6d0a37f34fb4c 0.0s done
#9 exporting attestation manifest sha256:c6128e2dee783bc7a71a0fac23328024111a263c9c0954dc26001c87aa9767de 0.0s done
#9 exporting manifest list sha256:e85fbf9c096edba0b0fd81bf20b82fd6138422878a43ed5467bb6a8fd95e17a4 done
#9 naming to docker.io/library/hermes-pr13-zero-offer-letter-generator:20260702T113533Z done
#9 unpacking to docker.io/library/hermes-pr13-zero-offer-letter-generator:20260702T113533Z 0.0s done
#9 DONE 0.2s
