#0 building with "desktop-linux" instance using docker driver

#1 [internal] load build definition from Dockerfile
#1 transferring dockerfile: 306B done
#1 DONE 0.0s

#2 [internal] load metadata for docker.io/library/python:3.12-slim
#2 DONE 0.0s

#3 [internal] load .dockerignore
#3 transferring context: 2B done
#3 DONE 0.0s

#4 [2/3] WORKDIR /root
#4 CACHED

#5 [1/3] FROM docker.io/library/python:3.12-slim@sha256:423ed6ab25b1921a477529254bfeeabf5855151dc2c3141699a1bfc852199fbf
#5 resolve docker.io/library/python:3.12-slim@sha256:423ed6ab25b1921a477529254bfeeabf5855151dc2c3141699a1bfc852199fbf 0.0s done
#5 CACHED

#6 [internal] load build context
#6 transferring context: 19.54kB done
#6 DONE 0.0s

#7 [3/5] RUN mkdir -p /root/data
#7 DONE 0.1s

#8 [4/5] COPY openipf_cleaned.xlsx /root/data/openipf.xlsx
#8 DONE 0.0s

#9 [5/5] COPY data-readme.md /root/data/data-readme.md
#9 DONE 0.0s

#10 exporting to image
#10 exporting layers 0.1s done
#10 exporting manifest sha256:2aaa79feab21ff792bbad5c85e40894046854e9a541d9826908aa1d2da3c8ae9 done
#10 exporting config sha256:d50a59f96c821e137779c2cdd0a7dae9de553051ea02c645cbe1491fbda3497c done
#10 exporting attestation manifest sha256:943b8d6ffcd8ef06539f10bd85aaddf60fad3e545e76cff8b80bd42b51b7c75c 0.0s done
#10 exporting manifest list sha256:06679430782e260c96eaf5ba518c369731156d4291b35e1791b847e82af04ac0 done
#10 naming to docker.io/library/hermes-pr13-zero-powerlifting-coef-calc:20260702T113533Z done
#10 unpacking to docker.io/library/hermes-pr13-zero-powerlifting-coef-calc:20260702T113533Z 0.0s done
#10 DONE 0.1s
