original_source_hash
06d9b04e907c5069252ba6aee4864378d4cca7ef2efad6623fb57cc1b024872a  /etc/apt/sources.list.d/debian.sources
modified_source_hash
1c52e682d2da6ed10817887616685d064441342b0558b8bfa4f6720e79fcf587  /etc/apt/sources.list.d/debian.sources
modified_source
Types: deb
# http://snapshot.debian.org/archive/debian/20260623T000000Z
URIs: https://deb.debian.org/debian
Suites: trixie trixie-updates
Components: main
Signed-By: /usr/share/keyrings/debian-archive-keyring.pgp

Types: deb
# http://snapshot.debian.org/archive/debian-security/20260623T000000Z
URIs: https://deb.debian.org/debian-security
Suites: trixie-security
Components: main
Signed-By: /usr/share/keyrings/debian-archive-keyring.pgp
Ign:1 https://deb.debian.org/debian trixie InRelease
Ign:2 https://deb.debian.org/debian trixie-updates InRelease
Ign:3 https://deb.debian.org/debian-security trixie-security InRelease
Ign:3 https://deb.debian.org/debian-security trixie-security InRelease
Ign:2 https://deb.debian.org/debian trixie-updates InRelease
Ign:1 https://deb.debian.org/debian trixie InRelease
Ign:1 https://deb.debian.org/debian trixie InRelease
Ign:2 https://deb.debian.org/debian trixie-updates InRelease
Ign:3 https://deb.debian.org/debian-security trixie-security InRelease
Err:3 https://deb.debian.org/debian-security trixie-security InRelease
  SSL connection failed: error:0A00010B:SSL routines::wrong version number / Success [IP: 151.101.78.132 443]
Err:2 https://deb.debian.org/debian trixie-updates InRelease
  SSL connection failed: error:0A00010B:SSL routines::wrong version number / Success [IP: 151.101.78.132 443]
Err:1 https://deb.debian.org/debian trixie InRelease
  SSL connection failed: error:0A00010B:SSL routines::wrong version number / Success [IP: 151.101.78.132 443]
Reading package lists...
W: Failed to fetch https://deb.debian.org/debian/dists/trixie/InRelease  SSL connection failed: error:0A00010B:SSL routines::wrong version number / Success [IP: 151.101.78.132 443]
W: Failed to fetch https://deb.debian.org/debian/dists/trixie-updates/InRelease  SSL connection failed: error:0A00010B:SSL routines::wrong version number / Success [IP: 151.101.78.132 443]
W: Failed to fetch https://deb.debian.org/debian-security/dists/trixie-security/InRelease  SSL connection failed: error:0A00010B:SSL routines::wrong version number / Success [IP: 151.101.78.132 443]
W: Some index files failed to download. They have been ignored, or old ones used instead.
