PRETTY_NAME="Debian GNU/Linux 13 (trixie)"
NAME="Debian GNU/Linux"
VERSION_ID="13"
VERSION="13 (trixie)"
VERSION_CODENAME=trixie
DEBIAN_VERSION_FULL=13.5
ID=debian
HOME_URL="https://www.debian.org/"
SUPPORT_URL="https://www.debian.org/support"
BUG_REPORT_URL="https://bugs.debian.org/"
/etc/apt/sources.list.d/debian.sources
Types: deb
# http://snapshot.debian.org/archive/debian/20260623T000000Z
URIs: http://deb.debian.org/debian
Suites: trixie trixie-updates
Components: main
Signed-By: /usr/share/keyrings/debian-archive-keyring.pgp

Types: deb
# http://snapshot.debian.org/archive/debian-security/20260623T000000Z
URIs: http://deb.debian.org/debian-security
Suites: trixie-security
Components: main
Signed-By: /usr/share/keyrings/debian-archive-keyring.pgp
/etc/apt/apt.conf.d/70debconf
// Pre-configure all packages with debconf before they are installed.
// If you don't like it, comment it out.
DPkg::Pre-Install-Pkgs {"/usr/sbin/dpkg-preconfigure --apt || true";};
/etc/apt/apt.conf.d/docker-no-languages
# In Docker, we don't often need the "Translations" files, so we're just wasting
# time and space by downloading them, and this inhibits that.  For users that do
# need them, it's a simple matter to delete this file and "apt-get update". :)

Acquire::Languages "none";
/etc/apt/apt.conf.d/docker-autoremove-suggests
# Since Docker users are looking for the smallest possible final images, the
# following emerges as a very common pattern:

#   RUN apt-get update \
#       && apt-get install -y <packages> \
#       && <do some compilation work> \
#       && apt-get purge -y --auto-remove <packages>

# By default, APT will actually _keep_ packages installed via Recommends or
# Depends if another package Suggests them, even and including if the package
# that originally caused them to be installed is removed.  Setting this to
# "false" ensures that APT is appropriately aggressive about removing the
# packages it added.

# https://www.debian.org/doc/manuals/aptitude/ch02s05s05.en.html#configApt-AutoRemove-SuggestsImportant
Apt::AutoRemove::SuggestsImportant "false";
/etc/apt/apt.conf.d/docker-clean
# Since for most Docker users, package installs happen in "docker build" steps,
# they essentially become individual layers due to the way Docker handles
# layering, especially using CoW filesystems.  What this means for us is that
# the caches that APT keeps end up just wasting space in those layers, making
# our layers unnecessarily large (especially since we'll normally never use
# these caches again and will instead just "docker build" again and make a brand
# new image).

# Ideally, these would just be invoking "apt-get clean", but in our testing,
# that ended up being cyclic and we got stuck on APT's lock, so we get this fun
# creation that's essentially just "apt-get clean".
DPkg::Post-Invoke { "rm -f /var/cache/apt/archives/*.deb /var/cache/apt/archives/partial/*.deb /var/cache/apt/*.bin || true"; };
APT::Update::Post-Invoke { "rm -f /var/cache/apt/archives/*.deb /var/cache/apt/archives/partial/*.deb /var/cache/apt/*.bin || true"; };

Dir::Cache::pkgcache "";
Dir::Cache::srcpkgcache "";

# Note that we do realize this isn't the ideal way to do this, and are always
# open to better suggestions (https://github.com/debuerreotype/debuerreotype/issues).
/etc/apt/apt.conf.d/01autoremove
APT
{
  NeverAutoRemove
  {
	"^firmware-linux.*";
	"^linux-firmware$";
	"^linux-image-[a-z0-9]*$";
	"^linux-image-[a-z0-9]*-[a-z0-9]*$";
  };

  VersionedKernelPackages
  {
	# kernels
	"linux-.*";
	"kfreebsd-.*";
	"gnumach-.*";
	# (out-of-tree) modules
	".*-modules";
	".*-kernel";
  };

  Never-MarkAuto-Sections
  {
	"metapackages";
	"tasks";
  };

  Move-Autobit-Sections
  {
	"oldlibs";
  };
};
/etc/apt/apt.conf.d/docker-gzip-indexes
# Since Docker users using "RUN apt-get update && apt-get install -y ..." in
# their Dockerfiles don't go delete the lists files afterwards, we want them to
# be as small as possible on-disk, so we explicitly request that Apt keep them
# compressed on-disk too instead of decompressing them.

# For comparison, an "apt-get update" layer without this on a pristine
# "debian:wheezy" base image was "29.88 MB", where with this it was only
# "8.273 MB".

Acquire::GzipIndexes "true";
/etc/apt/trusted.gpg.d/debian-archive-bullseye-security-automatic.asc
-----BEGIN PGP PUBLIC KEY BLOCK-----

mQINBGAEHLABEACob9fgQVEt9lqNWKPyzMdenmg+sIE+1ZXwUn6QzJhGedE42FY6
ov6NAzYh08DOPYZsxpU7C5vX9nuM2Fp1tKgGXIfQZmc6EpLsYmPsKpAFOHfKs1SL
bcwgc9pgLvJ6ZvUS/c2T2SHxMStHyFlJbMkLd8B/DQSx8XaIvjlHWiTiLv/+UuAf
d4yQeatMyPvhnVLuUf5Utgdvl5Twwm47IxUMX9426VKg19/22uJyWN0kfI0uLy7h
g1cHArR5JOoiPRf1xR4ZF3zgu4gwCDD1Puv8iJuWM2U0DQDPKOuH2DdasezHiGCV
rQ9LWijTZvpyT/fg1qaY3w/1gx8QK6TpsFL3Fwxopx2VrD7e2+FX3mmxfqhJGlAA
fG0gOpie6t2WH6dfcubWCt8hjY2gN+NT24gotDqk6Uz3TgLDG439+A6Tazji2shv
Qp74iTpVjyiBsdjF8ZbLBX1mGFLjniuZxuzOk/skUaInZ6g4SGw2qy8f0uBbdPxe
IuNe8QLxEotXt5YCh265BDp6QpnHh5qfFc3IqwBA0hjkgvuzH+uNm1lA2dlKscPs
qntw2c2epN4w/H8VZYlv80KBEHx7vaneoVMxQkYDTNA2pJJJvWO1fKnIlpPMu4HW
eAeiFOYnju5/Vdz4JuBmOQ9ATiHfZDBuC35IWzU1r/Tq6LoPIqKm13xJawARAQAB
iQJOBB8BCgA4FiEErFMNUg8vMmn16YMTpIRJBEqtXF0FAmAEHLUXDIABgOl28UpQ
ikjpyj/pvDciUsoc+WQCBwAACgkQpIRJBEqtXF1npA//RSkQvkVQqOtQdoZliUKF
R2w1RZrH7BXRMDudrjOcJ44GNuhrwPndnDYXEmEmIKKXamT30BwDiD9sn4Xmwr6r
8YkO0lE9vvL6vvP385P7mdDmd0uqH9jm8fxQelOwuf/8IAFohthBi6ajfsPUTgGn
cGXqAUvExlShhXZK/rq+3lWFy+hhyxKC0nrEMGskiATUY2HyQoiy47BheAWQs5Is
Qfc43QS/C0ySgrNsm8KENlUcAAntRdutL1JV8ORlpgRUvGkafT5vKN5tT07BpPh6
ry3cwSEpMaQQmq5CT57hf92k5A2idEh/u1YDNGnIrRRTLIrRwRucSoVfgrxpHbFg
q9p5bL6RkjpIm1L5ytS6gFF0Bt+/QuIt82MCfTjCykavI4YfO6qkewA/4aoEecJ0
z0QAflg8sJcpEFTiRtnMTRvFqfjYQcMTgZDBS7zaFgsZbqc/coOf/uozBzBqob8v
PBDeiSC4Hp/a/Gy5vw+ADJgQ5OAwcp68KdBN5EmSU1S+xqyKEtKAr3CKin/+e0kq
yV+2jaR+jBcPveZK89MEpEMxIsGIeSZh4OYkc7bS7iPO+Euafmek5uSbhlpejUBy
2gOAj+W7HK2mpte8rWWEueVaAOj+bFd5VNgt2s7LS3D6jy3nzp4eAl9PI+K4Yaiy
y4P2GVIyRESj2n4OlBdVMoyJAk4EHwEKADgWIQSsUw1SDy8yafXpgxOkhEkESq1c
XQUCYAQctRcMgAH7+r21QbXclVvZum7bFs9bsSUlxAIHAAAKCRCkhEkESq1cXRDG
D/0bkA471LRZzYURNP3oAITwEy/6NKcVY3EAPe6gQVMtOI03qQU8nSLG50yNHlLE
TfN7zDFOWUAbgNqnss7fP3HUsrZ/XUbuathnkTQyVcmQfGYOjTXQI21YsUmwXUsb
m8AHCKToxBpIe+Z0nSlqjJJg60GK0d2g19IgE4kji4575BUCFDUypkYNh5v6/0zZ
4vriomRfeHmZ9ne+XkQ0kujjpvpy6LIhb7a3ckC/X5QrjGspyPeQN8oYfZZrvyo5
JmbOI7XgiCmNTGIJP7C0l0UEMufkmCvoetbhlj6pUWJBsCHGbZgVYuD8hWmLoAUz
p5EjWjMVERpHncI3TPevlwqZczUoDYsIKGMqrowzZj88PdWHWlyq6dvXTMlCUufF
ZzPDsCjC6vPxhKdwUq0Nj3oV4HXfEHydC3XHmaFv3oglLGSqQ9VuCnzvpNnH0MRI
FxBKFUR5J8rBjNXDNN3UtXkf927e/l7JyYIJ5XaHUzlTK53FEZRPeeJckyEd6NIr
rm/BC73/3mMuAQZ4033PeY3qD+uZNWp8Epfs6idRJstkGzK8tlOyfT3L/MkcBYXB
VEiyH7MUy2SbEjTgC40FtrmGP0YpmZ4MPj7pUymFps/eLRQBACnHum12k2fxxbyO
80DWge8oMRHQMBr+TnFgGV18HmjYcq14LhchnhYC1eE0IokCTgQfAQoAOBYhBKxT
DVIPLzJp9emDE6SESQRKrVxdBQJgBBy1FwyAAYyCPe0QqoBBY54SEFrOjW4MFKRw
AgcAAAoJEKSESQRKrVxdfBUP/RAFKP+TbfOLzFeK9oNDABJIztB1xXXoqMyPUoLq
qv1AEdgtu1qvvkPiaqBLYCHmA/sm7A9+p4lxnlYC38ahxMJhcZ/QXhaQaEOU336W
fsNcu4Ir/4ST3hUwsFtxluSEd89/IfFiIs53ZpTtrH88nxJKoXa+U84WT6xP9OHW
5nvvH5bLveQCpDZCkW/Q2RkbHMnlPaXHAe7nLS8S2Lgy4St3ldVZzKDC/zhBVnWa
UPuFGmDQnImzwpklFnAXFYTRJ6CX2nDw02Vu20NA+V3b64V0BIdgb0Ylkit5R2hN
5gmXUCXdftzv302szwhMF47NqPZ4T14kSwLh7LtDiYioDJxmnYvG1hxCu/cA1UeD
xtTxA6tksz+QM8g+bN8ULTDfoNUX2ZFTyk+eF+J5calR6A06mxmHGOfc/dbEy4r+
ztmSTnrfaPhCiHSBvCYtU7Q7GCa5EKVw9FtUJhY7oNrr15AQFrK5EJN3nIxZxHQD
ocAv7e77jBGzUsh3r0DVOJlHX7Vjh3VcmgEh5P0vb3vZGFOgSdL9mZ/kuZAdJv8z
JlSlShBT+P0zTicl7EGzLSx/sZtGi98TrOIqrqgBEPIJn3QokiIxVSeGfQtz9nrv
kV7uvUMe5ABRu6mxNzc6JHtA7VZNMLFhp5imBKneMq5qksmTXkpb9bw7IoEPB1dd
pBFXiQJOBB8BCgA4FiEErFMNUg8vMmn16YMTpIRJBEqtXF0FAmAEHLUXDIABMJkR
vqlm0GEwUwRXEbTl/xWw/YICBwAACgkQpIRJBEqtXF2LAQ//dC9eL4nDDmW2YRZE
xS5cgbMCYTeGkCUrMcL75px8HaNASxAWyUGxouT6XbiyCvIZRmyAEsLYOm1txIVy
ddnHvH7v9HwRh08ystodyXqXTPnluHppVelQPIG071LLpyM1VM8qwrT3twdP7zXH
WRzPwbUO2C8U9Fu6wiZCZb4Zcooldqj79487XKjPKws7f3gdkVYR7U3rwrfd0By3
QSMlyh8aWe3YehU/zZ6MdxFIrAkHF0a9mrDRINy6BOtEc0ThBk5n/q8f7zxqf3No
w9M8luok+eoVjXcAjrqHIY7rZ3TbCzV9e5OFoGHlsL1WieqxpZMmbS0UN2HGTyB/
MpAJkYh1cB1nLNVOUnlOwjdM0PoKpdxtfUK3mtOuoB0TTCWwhi1FBI6oDYvbuMH4
HOuvFqhGMiYmXC6Ln/eCVimWsnd0PsvrfomvJEZ2lFZzKw8QDOT4Z8xnopcVwuMq
+JbAyVRCsXpqloybMntB4SRQ/JwMf9+evnVh7hQWg6B32FhAjoOBRJTX6DxXYB8n
qDVTh1iRUP3jO75rOiiYzgsfjDcDVO8+a4Cd8lySNvjMvpyKkjNs9pymkuTJwW1i
WteZw71pdjRIUSd3o/7zOX08+saPakU/FT5E9xYANR4ZxR+iSHckgYJbiVYvrlE6
LyZ7Ycty/fhhnLJ/92sDCj6wHkyJAk4EHwEKADgWIQSsUw1SDy8yafXpgxOkhEkE
Sq1cXQUCYAQctRcMgAHHT2rJ6TOzBn9S8z+kWexnFbBwXwIHAAAKCRCkhEkESq1c
XaYeD/4mxXBxPtjNaet+/3FvwO8h4G6nUuN5PqciXdeOpXKJWX+Rb4MZ0GhUxpie
vAW0JCZHzqFKTUfAEWuhQOYkTFAxINA6G48bdFtyDmAYiRGrGKglPcYWKEF9EjDf
rDhL0a5Adbg6ICtA21e8Y/VVSkl5uHFsjwPgjWmYKyvSw45sUT99Iv8JztkbbJVV
oPSq55rXFasiDSN6RdsDX10ZNBA6ci6uSq3low3bKaNjkTHHrahat47MGh9YdCdm
HvWPI44FlvJNGb9UGFG3I3pKSxQbntS2Vb6WGeXrA1hCMksnApoWIkBHytTBOSUn
owrCXh2aY+w2PxWZGs6RJTsX/41rpWyS9LmOEf+rtes6vPk9D3mGbkv/puRZli2R
lPwqsSi4nHegb7ajtbLuOFUHXGi8LSFVYvD/8YxrS02pwsrXlub6v/HffyFMg4rX
zKsPaWv+Q54seXjIw1K1kaNdPTDC3sTuKKr8zzumDGrWYxOLmtzOwBy4XiQ0RJ9N
lsJlNBcyY7P6cSX1pJumrTZMD5cmOCHf+qYHRkWIjfdgB20kx/vBgutDpP8AQ5dA
8kt1RjCGCRLfU9UEOytT8Hf4Kp7SK83Oi9E6Auex8vMMSczPGrWSkmeUxPJxuE4+
5KYTRkcJMl4WKEmQAae0ni0WskXeO/3YujWC7n3ho6+UNoyLXLRSRGViaWFuIFNl
Y3VyaXR5IEFyY2hpdmUgQXV0b21hdGljIFNpZ25pbmcgS2V5ICgxMS9idWxsc2V5
ZSkgPGZ0cG1hc3RlckBkZWJpYW4ub3JnPokCVAQTAQoAPhYhBKxTDVIPLzJp9emD
E6SESQRKrVxdBQJgBBywAhsDBQkPCZwABQsJCAcDBRUKCQgLBRYCAwEAAh4BAheA
AAoJEKSESQRKrVxdiXQP/383ukp2BKlwoMBJacl3CV6wB2iui8BA19MOmlxQd3f/
V7/3sQBf+4J8H+SUFjJS4x3xBCOGn8u4k08BLTDEMr0ec8edEmhR2v/eMTzU0R2t
5N7VWnapPf0H6vQbR3njwwmf7Xh6V+UiLUQIgb2ORq+35rg+I2pDgPUfKv++4jTz
i+V3Xupb2ZB9iWPC1uRCmEOzpXb9DSDzANHnw2QbJ8a2KGMD3DHTuxV2uprQA01L
IvRQrPQw7j6uDrIGjujwxMS8ut0mi7nDohiCgNwvujuzH9YeL40xLBqmJrB4UnHV
2ZT4uQKH07jOs/N38+BH1Bl4qtSgyGmbUkN+P6MP73CWWHtWsJG2yG4WfRHteNkz
Wi4MqBTQJlQm1l1/JdvbRdw7NIvbDSAYbVy7dhHmWFiR70FY6xHmlmUWA3QyrdP6
Fu6DvxZjxCPCui3Mp2qzt18Zb0Ktz22tw2Gip1TI5bfqK2e5NcUWylNfsoo7J4i+
MK1/zXbKjGNkB8WiNHpc2VZ64njshuBWxuL4oibgUTi2aAD4rNVRfRtchq7ZdGnz
HqB9FyflAohS03npF2Va4tjx+mzRi7b/QekpdG6gREu5r+29m5togJKG28821Pid
DZdH+dd8cotFlNgBMBu/zbOuuk/jPZb9GBLafC/jsR4hkIwHRh2mr+pnrFWxYkfa
iQIzBBABCgAdFiEEgNFYI7f9FWH597zd3DDXwjy7q+4FAmAEHvEACgkQ3DDXwjy7
q+7vFRAAoFGxubvIG1tmdrL3u6bzVs4DaCd6yomZru3EgZB0oJheNH1Howqai7LW
kff4qzDbaz4CGFWXup5aXya2IBbX8CESUDI444aHC185bQfWITqFd84Dhj2isf8G
6GwxwrbBQcG3LoVDepArzyBidmeB4QtpaE+lWX5TzLwzUEpFcxzvlsfTDtwiWe7j
huZ+dWLbva3xRHoeXRgDrPVakwZOJ2cvTatgfPJt1EoEGmYkOlL26luFVtaY7vAO
aJQxraqAyiOMbefEgKQmbvbwKc6lF4IQWyZoKillzofdlrKHAjo7jsranOCy4NiZ
z6jXsWc9WoBQBXu0uidVmSTwOum8LQGDo8v+e+2A1yMAz6UIFBwNw3FFwwZNsscw
Zfjo1EZQt0xcL5B0Ufr5pibclfVnBFUPt8c1yxjnULQKL4fvJgk07Tk1hqlTwq/q
pzgDkJJPWK8j7h0RB4qfsQW+hF94QZJtEQy9pL1UjNj6k3ngjB/OXqc+cV7p4wRP
tiqp8BqQPJLsnvbdcS1SUDdML9YafU3J3vj8yRtWqkcQ1gFNCaynzEwZc39IuRwe
SbpYkfucj70m+9BXMO/wXdgh1GjBmavciFCTefEEHdpprAnMdy27Ps0r0Xidv6wv
X9XX2cZbISj51y59bM1+NKYmOzNthFl7VE9SxcwrmL4s5HsmExWJAjMEEAEKAB0W
IQQfiZg+AIH94BjzzJZzpPJ7jdR5NgUCYAQfrgAKCRBzpPJ7jdR5NrkrD/9aw4QP
W2rnetBXRacMQ1VC9GKwZRJgW/5BvpWhtgEWnekxB9KLMmeDJIau/E86hhl4rnt8
cPZbtiZEAi/pl8nRV3r6aL9M2Umv/7wxbkX7mdLJCYUuyJa5lHd6uEDV6t2FCSC6
wHV4DAnKfodIFgwS+Vq5l6+v2Y/1k+2d/oplTRE/3xW4Ae4D5hNE4MGLUGrb+PgB
laxLTf560zDyxyy77LjPUbm/a7Ud6cpMCI2nF7kZm9l6IU0lMsxTn+tFLgcxn24Q
0LASHUvN1YbhTax6OX3FBNRNhzYDKiQX5o/6Qwq3kms3Mam3gLLZ2ntcX+jg1bLf
XeCEN/YAVDGT3dTKYhFblHzUfF0QltnklkrI7kOJ1gzGY8xnrTWdUCfPbzzJqdRE
crEYro9BW/QKbwELKsUIpN1lj6U/P7BmQuaU/W2UQY5ll6XlSOsRHfz0mOnYMNds
E6Cqr6hQLRrhiK3c5r33lJXs78pHKvgfREGOkwGOwQ8zzHd843S2xC+4nROOV/Eb
Q7b1BzchsJbkcNMpTBKaXMY1wMJZFuy6raP3QO518OjYkIampPdpLBvHia+hsLkO
12A7eS134Swlrg0YLTETyeRQqURLYzyghKtRVTwhZFaQKKzPp4Jp+qkc2SDhXqNZ
qYT20FhxLBH2Bz5oNzaVw0WfEjw6NrjW3RKazokCMwQQAQoAHRYhBF5hshcmXamA
eiPF/036snDKqW36BQJgBB8HAAoJEE36snDKqW36VYkP/1EUlC8KnR/dj583OI7E
Vgz7ezIOi2HKeNTFrnxPIpQfnfnaJZgFzfYkpo/0kPlLdQvWvqao5xKChtVmePX6
ZPWnSlMQJvlv7879EpakYbHWhGibTBR4FHDrEVuJ77s9uOaA5q29fnAwYfvLkwHP
ijgJWbYblTpctFQCswqzBKXHQ/AvTDUj2II0BFUAeeBTrMX4Lysq1auKO6lvlBhv
t1/XYFSpN0b336+7vCEmqTru6zQHx2ctjS1POWYMvD3rjPetS9luQ/00lp+gzpAh
X1yb877YSTX2k5F/lW0NO7+EpqzE9j/9D8XtyaMFh9WnFKlkNs0lnT4HrptNsNvy
M9gx4NJZQ74E/o+DXzYI+zrrhqkljrg2GnTqSDcHc5kUak1VFNjDOHHTkSH/J9sz
/etc/apt/trusted.gpg.d/debian-archive-bullseye-stable.asc
-----BEGIN PGP PUBLIC KEY BLOCK-----

mQINBGAoEk4BEADG6NQ0Ex5gy0OlnGlFZsTpiZV2LiUhACFj6ZHVEYQQNWgEgRnZ
uZeAXbTnFywzrJUYhx51pNjxfoViN/4Jyn2oMrmaBEuDxEwhVZDsMTzb9dx0MNnm
jMr45z/4EGjln07tFzes+J+0eVizJOWehQ40IEwyCZIG9QOfsC1e1estm0KLZKWb
4gTihGFSahM4zeD6XlZ8krTlkWV9i7+oatCkNziuOTf8+ZXEqoNm/dJxG6pGWcal
o+DiTE3l4HCFr6MZoiCoWVaKYn1jtIUeioDVW8zPalt3VcPmjvYb6ZNHhFK8d3DD
V17wv7TFJIOn1j2n82jzbDZwQAWIA6iKPjXDJJqmv4qcZ5a5l8qirhjZhQEemftY
sGBLTjx9ANfPcDFoQ69ojDw34Nchig2nJ+7ut9h5mjeB9QmOx10HDposRaZq8yPC
hFpheHNlKwh9PYba0Z9Vb3mI04ywkw1oGc6YQD/VGhoGiMembzEK110DsCcZenD5
dOWHug5LF7QTH+120eG4Qt0RcPLqI33+3FUOjzOQubw0QATYs8Dw2E36LVOUx1yr
tDqjJs/ZXfr+LCfaZRshvYfcl3soHCXxVqEwoXUmxJK741RS4ej8w79clniZPMLc
68XpFZ7qsKoKBHeoG1l8XvuAp9EpW4vujsehEwRudn1SNoc5fTFG9k8qlQARAQAB
tElEZWJpYW4gU3RhYmxlIFJlbGVhc2UgS2V5ICgxMS9idWxsc2V5ZSkgPGRlYmlh
bi1yZWxlYXNlQGxpc3RzLmRlYmlhbi5vcmc+iQJUBBMBCgA+FiEEpChSlfx7GoFg
AGKpYFxm8A1sl5MFAmAoEk4CGwMFCQ8JnAAFCwkIBwIGFQoJCAsCBBYCAwECHgEC
F4AACgkQYFxm8A1sl5OtbBAAuI9V8uztBX+gZhvI7LYRZkuWzmNa/qiDGHAF6DIA
OYKqCZUDSrkF9qsIkeeZdEP7hLoIo6TkprvF5iLFTfzFWPT1VR9E/itBBzEZa2Vr
gT0ye8gYrsRdNkso2vqZQd3muDJvg9UrT37+Nt0eOpFAfc3JYfqwjhVIngiNLwjG
TC5oinEesdDCgqxo8Z6e6NyMLdDtS4W26q7GxcuG5YcBoYi3pjxJx8ZGsNHqEe6R
vU3YGahEgWWY80xCRarm8RVYgfU4LZfm6D4o1ZO3B2UmK6+TgkTjYWzC/yMrcbK4
lyumB36OCSg8byrJ3qUN7zKKU0DIxPqFFCLxxhYxf4QrMPik0BTgloWntP2VFLUo
3DxJQKAqQULr+H/WEgbsgAuU8U0VLTlj9sCXn0iN0pHzNaEJJ4sz5mdIWOdJJobk
biQT+xAGwfoKDff9l9fu82p569sK9U+omHMuDfxTT0X13U/6d2m5nIFwf1MitshU
8frYxuZs3Lp0Qi1Xsqtwc/wrIDt5c0M4wluypuz//eRLLwsMn6KEl1/Be/RebHSb
FKOA2tdsc/hfABsVQCFpRHgBmpLfL/5Qwd/K7dKKpuh/7pV4B1cNgviKwMFhhR2e
GzTfbXqxytnYmJkV++bKLtX1SkNx1TBb4lqICzdFOV5QjtjPBVZR7Ugx7sp7yZn4
bw2JAjMEEAEIAB0WIQRyA2MOLI5yclFoT+vFzl3CxULNWQUCYCgSfgAKCRDFzl3C
xULNWR3gD/wLYa1UBOMszWu/BTLt42QHcd6onTTboP4S9w1Gs/ak5iQiEN45CVVL
bJ5wS1iaeuMZ85fOtcEvJ9KqMvwvGXlsCD/+O0QJJbEpeJpHarj4ZtxaL659ipci
qeSIQAsAb6/9SKZZ7HGQFD6DAF9kzV9HpKnNvE8BGQ8I38Ez9lfRiQuD16r4cqNg
S076Z1AoQU8ES5N8VO5v1fbAHsyLq9ZToE28BKGU4o59Fj5uqpfDrm0DrnSn053j
UK942IGmIwKtUAn/j2sG9mcow47xjifVTKuMXyNGDM30n6ITRtiTaZsUZGIw/yKM
3ZosuxobxvJoef8B43MpEHYV/xZHYxegT3xlu5h8FlUQrr/WR7FtT7Awlapm6llI
a/2G0nrPhQlX5nN5gJiKO92rOvKM4wTadBjL41jfYZb5EE44T51hCpJUB1g2GSQk
UpYM/MgcNfqmq7+7bAxinej/iCzhziv925mUOhIGhAUEYCZMFI4tIEVFFAUb4pi1
CtXo3V8DJRu5TkuETwDdK+FfBU2e3q7b0q/CTHdHfD8T7VuTaYm01meCqWG8HS3h
2OSgtWrUgDBDKAU3O83KK7n6K+SAXW1iOaUzW9GErZnYqlEOMJVQn1pU+txUAAdT
fQy05mUvCUvHo5VOcC3wybU5HCZJ3cWe6HCOviBheeIysa+iSvBAU4kCMwQQAQoA
HRYhBApVt8USIzlChux0w1OUR53TUkxRBQJgNqemAAoJEFOUR53TUkxRYSUP/Rt9
FTybIXwOW6FE3LPF7GvEWX//loxKRhiBSQ8Fwmkdchz3iJSAcZ8HgcISMH5P77Ip
8U9z8GAucy46Bi7tsaisWOUVxu5gvh6zLui7PkCRubIxcCxA+JjX5oZm3LSy49s1
SEC/o0MB4TRwpqRfuEots6H0Z9eHzvJKjoeX9Ku7SjfSSRWY3TWMMIjQBATRZGcT
mgA3iJ4/9dFmBGsYhQq1WsY7bCmCahemAmAkdCxkB3hr8BA1Dm/GHgL0++txJhjC
FwKj89yh+Or8l/C95qptS2uAxioDM9952DUm65oWtApsFs8VpcJxSdApmWmH4s8/
B/ESPKv7apLq3BSgLy4UA4FdFz+XS9xw3GItcPunzGZQfI6Dd5jPUMwYYqcr1cVB
2vTiQB//smNjWq2skWTKBtjk2xpPOMCKC5mdGI467RT8HpDMcKWUbg1kaPqCCzpQ
9NJQuk+M9+jw78MELtUGVi8wIZSZCjR2zXduenyVUWmQTHSNfS2R3iWsYH6m7fL2
iA9j4Zi7sEjffGbLkQfQqH+c4XBDWNzJnC+/jQeWKG++zcYtEHv0mk37agw2qB9H
QdTO2xGJcfNF+dervAj1O2fvasOMj9aptRZVpKVMs25zbkplBR5mqPXven+SraDO
Qb5fppcPrKPt88G3e+dBuBzElOXBWpIsMJuvutFniHUEEBYIAB0WIQTKYZ1lpyp7
rfyW0oAZZBiq63TIoQUCYDaonAAKCRAZZBiq63TIoR41AQCLcs+WlaZTZ0rg/cWh
vApi12mZpXQC60bxvmrtTyHH4AEA2pJLfGVHOualRCNbeGEYjfC0WiC+EYCC3NBV
e18slw8=
=7Dni
-----END PGP PUBLIC KEY BLOCK-----
/etc/apt/trusted.gpg.d/debian-archive-trixie-automatic.asc
-----BEGIN PGP PUBLIC KEY BLOCK-----

mQINBGfpPhUBEACnIlNQO4hEcoTe6/fkasYBgsIYoZvKfOemGKVAO+v+wQJ8X8DM
4ffT3QrmO291LPwsmR+sGfMStf9Zbuv/reWsY8NCOTDt98RFQWG5OZw0g1TOdheM
nO43wfTJQNUyOAqKVArXrjvPKb472KEMQckvvccUoVupmcfom2Eofgqk6Z+aRfof
VvhT6BQlmE1hb5uGRibEqm0RbDtUeSgs39pSGF9gbfCw6ZjqxGJHcSJXKJCJu2Us
wddueSJWj6UfHfywPbIuXYx2Ypfb6RDx/kbkJCK+vNEl8FmD+6dl8hY4P+RfI/0i
KWPaWwg5J9ohWk5kjL65BOOQ4uRdq6TNeibOsS5DKlp0nozseaAUhDWsepY7k81/
M9iLALV3cNExQasLkdGprSUjY1fKlpNnFZ/jfQT6eqR50dptA858d9+0iost2F40
fGd5HWuA6GJWfIhMCEwcf9aiRYzmD67Wie6agxF1z/PK3VGGBdmbZzZTMGRBrt6a
yTEPLpbFUJvkLtf9vLcvkGS58OTFcnrqFCtEzQYCfYQvmdJaRHmOR6r7k2epBC6e
Q81h27TwhhfGvCuX7Hl/qYIHH37MMXZBonA7zICBI8b8EZOGdib2IjoLgm9Ez8Vq
5rpTS28dMRDz5/MDHqSAy3PB33X3S+sTDc4K567FS79aMpng57Qg4plqEwARAQAB
iQJOBB8BCgA4FiEEBLVMPNynl1Gxa8a1IlYp33WxiL0FAmfpPhoXDIABgOl28UpQ
ikjpyj/pvDciUsoc+WQCBwAACgkQIlYp33WxiL3tYA//ZZc3kZnfHCXoUIYPPFcK
C4oA/HFKn3HnRiN+KLbcP1naJ3X+0TFLw70r8yDo4+2zGlu+vCbEhSVdO2Gfxdnc
MpiOWcPwSiKk/x1yCipnPAMJN1OAo2oEjDvhTF76mgOIJKtDnSu12CLKkSf2az53
r06T1GHaJV1Nm0rWTWhgVbk8Ir561gAn6nz89qdCUF7PALFq2L/55yt1E1YL7wtZ
cbto3SBH5di9OUJGCTrEIPnxf0DZSny5LJXs6lKEIMnvkQrcitD/Lw/1BT3wLzeZ
mH5Cpr9EM9WyxJxbZFJeAWfgwv8JcSqpwlphV2wnfOFBKt88vbJDPAaTSUo2z2mA
f/Ps9V/VsgU4hN9cGcBCTl+SaZHQyf9Hm54DSmr9L/KMAk9/7tzrYdde2F9L8yb7
DQ0aw6CBn4IjpG4fDEIJQQisBFluTB7Od0lA1CAuoMYjmonUvES3RucM8Yeote9b
jf6KTbfcmkuIyrfLdUsz7sALuvdNsiCLq30zOBhKq9svkm5oNSSaTJ2J4ILOEthC
ZMT9sJ039tFZxvaBEQS8W8gW6y8eQWSVlixj65PJ2ck9jABEmRwG2YW9UKSFRtRe
WF0WpY3Ijj6fcDJIHpThZ6Sz4HUvGr7jvcs8qFFZxEb111xbwbQsGVBecP3s8Tcn
zVO2S+E/JbrS7xTyUY9xmGSJAk4EHwEKADgWIQQEtUw83KeXUbFrxrUiVinfdbGI
vQUCZ+k+GhcMgAH7+r21QbXclVvZum7bFs9bsSUlxAIHAAAKCRAiVinfdbGIvYTF
D/9zy9LyYJ4+zQ6ycKffsGXGLKNkAp8L7KS9eZAS+CcvRAZQQHwEFGaFeuRUNSA5
Z4tATh4IY9w8ySwGHeDE+Jat68YZ+mV7loig0RROew2WYkr5xSzj+0MIzmS5++ng
Zf6S++5VwJAEmuG3aAlwiL2BJuk/wn4fqoeGXLM6gOaCnCJO8TC5lmJPhJPwj6E4
gcE7MS7BfYRKd5emOlI7m2FytuQ7eo48IzSlkODZJfuv8rnKA/TTNQa2U9Nrl70U
ChR+5QYeAOuxJ1kw00RYOmCMAR346f7/esfYeMyM5ItG74xmYGLjj4PStAbHZsOx
o8H82KG0pjadVBpmZAQgI9lN2QWO7kbRz55TV5nZFZaP8fJgYl3BerVuvHamowrS
pSz5mVyBpb9JJmOJ2pUwSi2wQWvp5yT+LMh2Q2Uhm/3Fk+q5lRIxDNfPukzgem6W
KxfEfMDjDjDKwjeL61JlLJrnllmylcrt/cEvsyzdbkpDjTVfsKtUIk8K2+aY6cqb
dLnezBgVONuGGdunRvVXSKiUTngnBSKcyGsSlJtH3TxicEBsTnFAplGA5D7GPVPF
7XEEYpBifKkJz4UDH6cy1qCJBtOUd9Dsxi2hQxfzOHj41m4lB61yin5rTnJjujQw
Wfh8bGz6Yatv/K7Aejdj/DbHEDf+8ixcYfNxAQ1WpynrqIkCTgQfAQoAOBYhBAS1
TDzcp5dRsWvGtSJWKd91sYi9BQJn6T4aFwyAAYyCPe0QqoBBY54SEFrOjW4MFKRw
AgcAAAoJECJWKd91sYi9Em4P/Ag6yEfyxoXvMl98IVUA/GG8fv0llOIJsKqSMEjB
pCFfPOsXWDvXv0zJNI+XPgzAPMCd7R+m2VwcDwHyADtT+Mh6fubZTzbPPspX7LZs
CyD6S93LZxH+vIMcjuiwKKb05ZSkaPLfwTYMeqN+oc11fDXjU0mQ5vC0M6qhxJLM
2pIeTD7sVxsXYyEHzPxem01eqXyKhJFO7Cgu9sUYhzcVoPEqzDV2/Gd6ih3chJ+M
xnMfq6Kmc1kTpstCMBbmQVXafY9roM+bFQlIiUgfbGdDFk98C4+C8IA0IVDyl5KI
o8RRZ4mccgbt+ZBVBkr2jMoKd+hFhlbF0aMG3EKPoZyb/Jr/6Q0kqqUke6stNzOa
zxftoulB3vk6x8eI1jRELHz5VM01nkr1A+cmcgV0J5H1g6M/4NOLveCfPmGyCxGo
SyWFgiagG4O56AdlhyOm8VjqGN4VJBbaGltT9iIQB5xD0vvhZvYbXbXtxbD/j7TU
yYp47484dBdTRLqyUQAS9ICl6xoB3aYem2aQckSc1xAL7pIIHA4CykAECa/wZuYk
AOLDICM74iMNIZfdH1CLg1/geBiON7/kqmFxyOJTNfkS1oivQvrF8AWUZYLCQ5IT
mI8fcbXzJXnSHyn2ADj38GaQkPm5YJkKMAwmlolnzt86EnuZrIVVApx0NqjtDvBT
NMcLiQJOBB8BCgA4FiEEBLVMPNynl1Gxa8a1IlYp33WxiL0FAmfpPhoXDIABMJkR
vqlm0GEwUwRXEbTl/xWw/YICBwAACgkQIlYp33WxiL1Obw/+Je3ILeG7tACNix/y
cJ86Y4ZTrCp1WtrAHdZtKqH0WO9+BuVjKFJU2d3R+176SoKs1X5+0ZxptnzlVIZG
BcKn7IVk2g6k8GV+lPoR/WyhPxLqH73ji+g3Zod4PKnSXgj5JjoIDe8abXCemAd5
j/1aqANdxG06h71+UC9NSxMzvzeDQQvAkToNmy51A2gqzBKDGO5n5Eafw8noVHzF
nZrMcXIe7nkG/sF5601p7q8jOVeGk+Z8fD6v6xl+MJupX8CuQ5fGKFW3nmWojZNH
5yM58UnwzJGOBg70CoSuAP7kOGOtWa39RS5W9O1zMUe1tKpVP1qGrcmEOaqmkc6g
uE34i0ZEBjiet1GwLWjjgmXGLgTY/meFmUIbCVeKi0hmr7SJluHk53NVvf3QV9Dd
gs32Vz5xQY7894FCH7Di8sFNYofyxw15SZjee/Usyc3arQOTF99VxOuLoU9lW6JZ
rFISyjZ4Hbz2UpxgpYvQUK9Yj19irdYWY3HGO3LnguOFS/Q1Mr966Ca46fSLCW++
5XH9s51xzk6zAyW1a5u7xqYnC8bu3XYBc713VMYPexUeowl3ii3Tp6hb2g1NLxd+
7IAYaTb68FmwwTRjUwAwh8NTiQv0ezTFe121hs3K35AH1vp2CDkIpAmDACWWudjX
l8UhKsPMAdzJIf/IJ8X1fXTgpK6JAk4EHwEKADgWIQQEtUw83KeXUbFrxrUiVinf
dbGIvQUCZ+k+GhcMgAHHT2rJ6TOzBn9S8z+kWexnFbBwXwIHAAAKCRAiVinfdbGI
vfzwD/0cjeyFVVS1j9On9v6LKDEWASvlFoGelpHah4vVuYVh5XrnlwmPNY4Qw+iM
pVMHhDwqX5zD8tyJypBb3Jqzq04Pho+lof/qBgq9wleyWaiazSLi2/Aw3ptJG+Qz
2uIzEVg4Lmqz+tMUbA6FmOCJfKocA2Qrc0eJT6pLZ8By8GTzMyEwTgh+oTJuyFuo
V7ZZmAmUxI3c4t2c5ixZNxV5Kz9ZIvvkHCPHmoAzDDKpp35aFNlWRxjWNvWdu/7B
/fMEt/wI5XfH7YzkpMp2gbW29JytrrKkonO434qGz1P8x9iMhYnlmp9bpU0QWcV7
ZADE+VDrfg0y8xR0cup+23DelHgt2AYHDZWo5D4UicAxBMGVeKzIJ4aflGjPhzIe
LvuPwwUeBtJshJgTTxDKqmTrPmc0FgE1RPz/aeHaIpuAzQwAjUKiKjZcW67c55Af
lnBOyUyoQxzjlAmcDHv/AHLh3lfvNEETep1qIu5G2hZwdVYGDd5ejvTReeCBNvK8
7UbAysWU4n22lKobXLU6/MOgO9JwWKclESXgbRMc9HjzHvlahh50L44YTtDiP6al
kG5JUxu0Sjx45xRabl+okFXaz4tx/JrhzcRvS41yIhNPSqUwhrCqIsjgiAlIraKr
QH/nskObNpwmqxgrzb3NMTpi1OuI6s3lt1aguInL5qaC8Kz2l7RHRGViaWFuIEFy
Y2hpdmUgQXV0b21hdGljIFNpZ25pbmcgS2V5ICgxMy90cml4aWUpIDxmdHBtYXN0
ZXJAZGViaWFuLm9yZz6JAlQEEwEKAD4WIQQEtUw83KeXUbFrxrUiVinfdbGIvQUC
Z+k+FQIbAwUJEswDAAULCQgHAwUVCgkICwUWAgMBAAIeAQIXgAAKCRAiVinfdbGI
va2mD/9a4QruBrK2CR7q2oIJBIZBk4dgC3HJVGSFdldGHfeDXaUad7YmAbOxzHhG
Emhq6L1SFMM9oOVgBasGJiY2lz/j3KUBHYvyDx1DMKls6MG8t4yqZQRc/QdOfB4L
S9SBLKNmJCM8yLfqM2dXvMU8BRzYZY1HX3XE0vYlLvf3Mo+gYvhvuGxR/Bxmm3DH
zMym/H6umA1/PYl+16Qg5FpgSC8QncNEuY/XwWbHAVhp1ypk74r3OqtTHD/4sYVK
1Kanyu7Ge4xWxcjWc0LjBVsPc41dZEPZgvM7l32cavBAOeKBuoEw2LvWqZHTYXR/
tHwJOZnmdCXSHyUlOVOx22tALzZJRywSl4m5HjJoWNZnyOiKR/VgauZYqrnE/klH
2qN3epndE1V+ZVqeKOdUL/w2YayKwlWKgIdaNbFYyxu8M+YR4InqvIec3HLVsHzl
H0JEbWSJIsFv1xs+lU/GHuuISozp5cq9nSTC1M41+eBKA5wQFVhaQ2HNC9zVDGX9
pj5PmL+BZts71f+s6p7dhwZgvjaaeK4PtuTqOVwI02Pjrhpdj9xiSHLJrEmOf1nz
TFbT0yOsLJNdrjRC2WThfqj2HPch0vpJUsraShcNb1ITGTdbeGk4D0JYY2DRPXop
KKR2rYRjimtE2KIlfn/0P9GnMOH7kb6p3JuF55jTx42W7F//iYkCMwQTAQoAHRYh
BLi4C1tiPqtq2HdcRbfF19Y1CUf4BQJn6UDCAAoJELfF19Y1CUf4qH8P/ApvOqmS
KG6ftW7p33rhk7c9DmsZZ+KlfqZk0ZyG/jG1qK5n1JO7UktJL5h2xU+6J6oUexWR
8rEZ6n1OuIs9eCXqsD+LaAhX+wBLyIVxqp2Jdy0tPCo30EA3zwhG6hA888P+jbw9
HthLgvarQU0RZFkuxEmvIyL/eapiWRrLEaZ5Ljqj6flsbeuKHBlVDWjWP5qSjW4I
QKH2wNRNvURug4GarjwyWM9PpzCgsxfsJsz0Y/lMBuegNWbBN5mRBwHrdnHidxhP
H9U1A7QUX/Rq6cLJlvoNhIC8d9LjoaVt2McrXBKhz2biWccnoYJy8dZdK43na3vy
qXHmSwLs1JVYEhQ/pvTcbLm5GgZm4eFwoWpN5PpPp13d0Vm0TWvSto4Vy+QCahv7
UB6uLodMjVjdGESUejjE33PaEyjhaQLukVUnVIybVkspP5juOTLEiVEbKlTtHqU+
grVhZGnRj4R4m6yrVAfmbBDBROnExqbHEEhWmVBzoJ0T+JKguyPggvq1rexFX5QY
w8HRwQrWvf9HDo5VmqL+0rZhb1nfYAsmWqBc27XJxdUMgTJrbVW49RyGc5YIy3tM
9Z0iDY/oaJl7V7SukOPgkw7mGAmAvSQS9EeHOZFhP4NY/n1ddb7rgTL/qgGIYmIx
iOEeSzBfoj0o/ybofi6gMoj/SR0zeFeYNEJwiQIzBBMBCgAdFiEEBauQNAwMXnl/
RKjIJUzzta7AqPAFAmfpQR0ACgkQJUzzta7AqPAb7Q//Vjn4v5HxeStnnX0bDzcH
oDUrcM5OlvfFDQkYLV/qV061JPdihXiDcxGdUStK7JmEBMWCRqp0GW7b11xUzVci
QWO6Aoz58jxaLYK8YCQRHrE7PZiWR1kT9RQv1sovvBMnrMjqaxYNvkvTeWe8+WgG
+4nrg9ibsZGaYrnIlG7SDxXQdzHTn14NvH2Yfo2liaY9pySjzXIhpimCWdGAda8T
ngZZXZB/dZrQJYl4voH5ng2uDx9kLcLjZHli5hGSEvkb8F+iruwMMKu+y0H6NVln
aZXr3HuRFOwJXnV6ctBrlGpmUCOoO8loukMMI4pMkR9kcBKQX46siC0+oOjJLO4h
m5HpFx812OAtV1FaRcCaa3rI/N2bqpVJ8xhtAOjH0h3YtUvUChhrbHaBveE9/Rkc
W70gwLbAzJL1FWWSJROsW2jk0+PUTVdpjY12CD7XK4a65Mn+0mCv7aZDWNae1OSP
YsDbtXexVYXBW9AV7Z1z8MvIx5sCVQcccmaMtIOBemTCPNcNY+GMnS39AN+gYcM1
ASRmCIoOcX7GkxZVWR6U5VQ7nSedSH9GP4WrN+P9oljhirR6djHYaMV9vptlyilh
+qUgRjVfqsINfou3xrt1CLr/dlabnUd99VP+36F35fjLmHgNFaR+YSlYjeedKws1
5U66tTIind5uXGqdBl+3PwiJAjMEEwEKAB0WIQSA6XbxSlCKSOnKP+m8NyJSyhz5
ZAUCZ+lMlwAKCRC8NyJSyhz5ZJRSD/9Rd55RpQ1jiJufS9GUw7uekbaYmr8/0ERC
rIinlreau1hTAtG3K2hUfGVKZf9pJJrlqdBIpS2NLtLecuAmBW2tsxlsNUcWSy8b
0b1tNEc525YcWuIuz+dckmscU8c8asJuftmjGfhw/wVY+GSkP/qwehPxePTF5Wo7
xr9kwtzWUs1Pqm/bweqd7hHfK6noCfxzuT8qHgMKSvJESIXO+/SN9NdWdeF5pZKA
TL7vZb04WXyyDbcZ+OacbC2Gos6Pr9+dAeN+c/ApDiixGEn18p/6SiGqzOACLc9v
TozhiG8WJqcE/JUk1K0ArR7LqWzhzZ0vjA9tnfD8kUXwlmuNxNC+jHmV/p/M024A
/4V4Gosd6tKj/Vl6UvIpPfeEUfalDwHmxYH62Lr3maVFHfzCAAaKeF4CmZAOutRW
/etc/apt/trusted.gpg.d/debian-archive-bookworm-security-automatic.asc
-----BEGIN PGP PUBLIC KEY BLOCK-----

mQINBGPL0F0BEAC8s6aFGXEkW0xvN5FSZKaM+rp9FX4EhWNfkKi7PaHEpZcjzC6J
gIwSwJP7o9L/LLtLYr68Df9sv+AktdzhY50T4zBQouEl6ps/ZaaiVoTsH8wLOp7g
/qDFJ8kH7quUU9Qh6AmirwmEddKmEZTrabg4OjeU/eJEEBJW8/NDc18lrqKC7S62
hjt+XE7VC+/C/4BLEN0OvNjYfi+2giwVOBAThlAtaryz010g2Nb/zSdjQQCEndQs
wlS4enVwklleLo76S63H60rxbh2WiNCvRAJMm6OytcXsQO5NPLt0wyk9FvXf9r6B
eQG8zabfA8u5pai+/a8CYgMijH+k1LmBT2j5hOIFDQmUE05aNTLNYQz6uy+emXJk
PtIf805D4nFYk1OSN/KZ3xYr+4+FtyfQ5Gj0blSPhsq7fJzoSDA2wTlx4Q6x7abS
txtsY78/LCqkRbSUHRKZq1t5jQ5laOV0D1MrLzQB2NFhTWDRHe6UrDOx/ea5ORBU
MH7iW27DOZkMgeyidBzAdgoHArO+n9/OLdf1TvpgPuchEX9mn1eLX5KTco2F/kTu
nn+Yn8A6LwJtFehE4SWL8+PN1xRp9fv3udDNGHwbOuOIvFcc5wNrDj2nzGAV4rJH
9xpFTjx1cx8JYXVbuwGqVj0OVNz9jc64CYSpCeKrWBi5DQruo9OSVQn8gQARAQAB
iQJOBB8BCgA4FiEEBauQNAwMXnl/RKjIJUzzta7AqPAFAmPL0GEXDIABgOl28UpQ
ikjpyj/pvDciUsoc+WQCBwAACgkQJUzzta7AqPDItxAAnS68NpqYaYvCiFEQIj9Y
zwg9J0o6I8813GzBGF0M+2QLke6ObfBkNx6kj+Fd03992p/fjhHCqJpV0k4AbTEl
WVEBjS78PiuIetNTF4lKO6KPyUIPTt2ykYgDmsbrvBieTsTK41RED0wRw+jbzJzB
Vtc7ZsHSy2Pu4zOnPuD/JmXXds3XXaFDMsJeKW/PbfBWmv5X2xR99nM2Pqjg5PtX
RCwvB6WsHtlKtp5KLKmpQs+qq63Ixe6Kc2O7qArne0M06wdgezhKVX6rVatBd+TE
sa0hS7cjI+I9KzQwKbyARfPQC1gYicip1Edp1+89cA/Sv7OUvcUKDYy5nI4sx43q
rCDj0YFrqBVYeqVzMtwEr50xWWl9UsSJucywVE0PRUznoR01uCBzhSWem33FlAv3
p0h9LGwGkRxLgP/MmdrVc/d7+uCtrBduRRnY3otHcg9Pg8DIFjfxgGCR7faQGlIl
ECxDWHfgBLr6oHCiJaTgSVz2D7qg89nziNLuMe5Yhb/Mf2G8oYk12D8+p5GpYViq
04zKUlah02i6YLPcQE5190w7zWQ0vaYqBYO7Db8vb1hphtmkilxbTXkNoo2uNaWx
dZWK+KUtwElsYX+wHj9f+ec7Cx2pDjfJaImLt/MY+dwSMdzqWbhusIuz8VAl3sXO
n5PLmVFTKN1PRf8G60ZYQNGJAk4EHwEKADgWIQQFq5A0DAxeeX9EqMglTPO1rsCo
8AUCY8vQYRcMgAH7+r21QbXclVvZum7bFs9bsSUlxAIHAAAKCRAlTPO1rsCo8Jic
D/9i4c89S255kb8fBoKV1o60SnV76iVmCmk+iU6uxSKJ30mMY7icJYK3wusN/OZM
G/C7aMtj6ROgyG1z0KJdAS8yl6X63s55xI/XIDPhnb9PVf/Dga4dfW7hwq0z5XJq
TtoZZ81Iy/mDjBe3Lhc7tsESQdXsULfrpiQc/OiCUiLVOZGuceDtfHsYbRD1omtF
l+JCp0nF7LRhzfKII6IqKDqHVbMRzl0qUi42+W67zY81ont1SzfS28DTb+V2CLtD
wiBKfBVXBt6junhpPawip9r6OnSUmFaPYPquEmTtkNk8v0txzNifeDMnsPquFT1L
pY6trIlFtYFuFOMyQiDvuSHLgThvvWhwRICv4VqmAZIcTDSpFNqU5E+Tw24UQgL+
roHbBwnYIl7z///VIvZKZdz1Jk7mZ6pbubfw4Dd9k66h+cdalhT2sCQrLLbX7nrx
8BLyGJgqcUZzWa/phhecaiyrtYq4tS4C0pi0ZQ4xewjr45Fmo9B0lDNoiD5a34cR
ipEq4n07WqMdJrZG9bU5/KFy+qFpshrCi2KkG1HGLOW+pSM4HwvwTxItzm6R4ELL
BKEpYjDi+a+Y251ybMDM7ylXtwgFV8f9M+1fmmjXrZFk6axBbrh5KwQjQ/LBu9XG
7Rsw5WBQ6wpM9/nvbzCz7omE3C0Je9KrBeEsW9I4jlspP4kCTgQfAQoAOBYhBAWr
kDQMDF55f0SoyCVM87WuwKjwBQJjy9BhFwyAAYyCPe0QqoBBY54SEFrOjW4MFKRw
AgcAAAoJECVM87WuwKjwopcQAIiFcdAnN+EY6vd3ZCO+CktlBlpl8JYDgfVHA6jm
xCPafLa5Mo6uxQcU0Qzk7W3YBAHAONfT496Z1nPoR5iyqKf/z/TTjSZ8RqLkWnk0
cBGisr/EDH/cd9qfmlrXfIV6R7rJdlCXkleaStWrL7YCTCYEk6+hnkNL1p1Mrmnk
Kt3DPxzbM0iatubyGwhKTDJShXhCtTm91xbNHBjtXtMM9/AsPCmvb7nW243eAfqV
GPFeMfc/WStapJLttIocJ0OMhYbX9bTPFGzFgk77v7x48EW7sYdIPW+/3Hbk7pHO
C/vqgLc2FlrhthkigcWD9PpBn0M7M+OeELYxTAxbPYj1ZXwRPrdwnb6KeBTBqu1C
zsqHGLB0LWJQOw38bX0FaOGGwGO97hyevzuNZi7ohRjkF5Liq2G4JZHwyhP2Ydii
SwYu7Mhm9iMEd/+D/0FymFalmPxFLK2kJHSm7RI0YJMLvLH3b4w4LXxRn/8XA1Gl
ODeXKLNVBTfglmTZc9o7vLNzTzELcQx22kLeYjXS5j+P1F8Q4ctHbfXIuRJhKZ/v
th0JET0OIX0IU599Ux69Abv1GSh1FLATB83uKIKI77QlMpVyehhZrOxZcxodKdka
LWU7QzKoufrsKrTQRw98yFruyeHivCZQb5J6xZPhUQtYbHCerzinUjqpcJMpp8bo
+sSuiQJOBB8BCgA4FiEEBauQNAwMXnl/RKjIJUzzta7AqPAFAmPL0GEXDIABMJkR
vqlm0GEwUwRXEbTl/xWw/YICBwAACgkQJUzzta7AqPDvcQ/+MyvhivufExXRRIXz
l9YhJavb+kfppcSju1fmzInkyNvYvprc/OrGt15N3F7zAr6spATBBvlQ1O0B6Fjx
kEe8Iaugoi4inhfYDyBTP2lwFyOSGQk0QGsOkGYrEQ5D6GnFMYoRqT1u0xnQ5aiH
cQxEx0uEXqH5f1FPLRebYzyRRj02SOzakZkdQuxhHjRAhQj+qam2Bb4cBLzGiVT1
bU+pkwTMpWmJNst0+Sy7asTLQYQLptyAsXT+ZB0wj2mrc5WsjXWnTxXRNB2r9YHS
8nHW1j+9D108vJlU7dIrEi2uGkvDWoRl4clqPUE+Q4C+oVTgqUDivrbZijeCeDPR
z+1KlvOjoafK8qfskl/4u8hg1ycTD6nccbkSXa0Q2myHtSXerxVWNRCwDc7FvLm1
R6+L4JTPKbRDyLya6YaqMeTTJboj92gpFWXZ0ddaEF9yOJOwMki6K3QtGbIqoCtw
sPZpBCpdSCB+U99pPy+lS0XQ5wdn7RZZSKXk+CC2f5wbfiv6mB1nBbvlztWuNlb5
nOAxAWkUrdCo6q0iiq3ncBolGEFtBaINVxfBpyGKNqi/1qqotaPi5/8mxSgrRvwK
Dvf5Rwq7CGJ5FaoDakwkK/g6OJs9x1/VPkMu3/RgeK+Dot+bfNIKE5Bj4kT7lFl0
nW3x+SVe3zIXZzCsJA4N/efV3keJAk4EHwEKADgWIQQFq5A0DAxeeX9EqMglTPO1
rsCo8AUCY8vQYRcMgAHHT2rJ6TOzBn9S8z+kWexnFbBwXwIHAAAKCRAlTPO1rsCo
8CYhD/93z6kS0rb+br0gSH0eXbvByDjjOarxcLZ/ok07PkinhJUvbbu9ereMsfUa
Y1Inm+jznjd3oz7aIgx+oltt4IMWduPMJ2X5LmYRTCpyVPtEZGVdMowW9FFJIfWM
9OloZkx798GicuDx2qwIAg108xAtPpTFvBJRPYM4n3+I7+Imwl/s7uMdjfUdmvtz
J3p4bKB9OVXT1nOTCfeqtAMZLXmQtSWBxE6VGZzz+c6l93TaSnlabkPlIJRsqrZg
kcpd+Wzy0aUEKQaQOSitOTJ/3DU17QrJM1EQ7Mr79jQfkAQXwhzFj0SDee9H2P07
D/aHENifhbHfltr43lEZtoYZeY06VT+HBut6sWos61hH/4K/2Mr6YexER2DU6wC2
oUF0Z/BXs/FsJn8bxlEOfz0f7k+W8gDGjvESwsKcnagXUpArsD5EXChTNyKhwxx+
8MC9WBacGhziGC1I8xEDEuZF1YuINWusWY4h/Vx3fgTwNQmvnahXA5pFIFAHH3EW
JcX4+Ku0UUpBTz2zn0R1wWLLpmMwgMYFt5GfA86jJCYYnNbKWoC/3SZ5IMyln/QT
DWY3oXAoYHShs621rDjGI/NCFKIkblacmfLh+A7es/T552VRURFXaDHTDoAoJxmY
BiTKJkC9QvkHQUckSFEUC1MB9jczWJMOwiiDinuqTdu8j126b7RSRGViaWFuIFNl
Y3VyaXR5IEFyY2hpdmUgQXV0b21hdGljIFNpZ25pbmcgS2V5ICgxMi9ib29rd29y
bSkgPGZ0cG1hc3RlckBkZWJpYW4ub3JnPokCVAQTAQoAPhYhBAWrkDQMDF55f0So
yCVM87WuwKjwBQJjy9BdAhsDBQkPCZwABQsJCAcDBRUKCQgLBRYCAwEAAh4BAheA
AAoJECVM87WuwKjwT+IP/3oNbYJJuAi576J3aov4+tHleeoDtlhij3CNgkdJvkiv
6rSiKRNxqVbEi5A3+chJ7h0yHoCGYJdi8ciVEvwdbgduQaBrmdIR+Gt180KBWwQl
xSAMIb5+wuATnDoKykTiHy45vHsiXTyZ2IaPwAtcVsih42KOE/M2s27IfJZlQfQP
GDi0Uurzdl8RDQJiRZhNDJDp/MsCaIA8+MY+EIyiRjBf7cGmEBoNiCG+5xIChtD8
oFbragdcnIY39AfjVnAK136utBnEXUkjl9+hGCPVWOzPlnmBYelNTis2w6lwzbkm
FVVNXrKJCToOb0coOngxACBIZVHUEzGOYzTjkLjcsSnxoamFCxc1hVg8aikoai+H
nb/KMSB4/bpx1k9B4GVM8fuizbdKyRGnwi8aCUa2mP+cI43Llc+bpPQpdDNe77xO
9+Wg+Ysnlno+iwcEunVeTXyQ4GqmjCJZhjmiO/oJVID0qgYwsjEC5F7nmRy1zJTf
l3oTWM/I68hJCmSxd0kExDEN52fdGhx+42zsWlMdRwE4/+GL3lrqhUzpX/806Iib
4xP9zx+tKBs9ffmHNl2TlF4e3P2esSKgGaIFMlMomj9IPNeKdAae5mSwHyf7qkXC
g/1YvHM9LhzOb7GL5NtXc+r+tNSdZreX4xOu2Rzp6f/A4eRtj6c2UdxgtoJ7KaTB
iQIzBBABCgAdFiEEuLgLW2I+q2rYd1xFt8XX1jUJR/gFAmPL1EYACgkQt8XX1jUJ
R/gupRAAxnXA+zN9wu9wC7GikElCsVkY9TNk76BsgbZ5aJE2dqWVpB2heplryVUn
BBuw+2CMpgW3FgAOOt0bBDHkknJPSq7rK4CDUsAlL8A+iXFRXfNgGFwCLdmDtblZ
1Q20YMobZ/y3X7fdnVs1M0GXG4LsL6Xkd/SjSl3iQRPH9tntATDqBdmr/3lEItk4
zFtst1nfClQicVdQsBqf9hOF3ByGjrUfL8H/ujMY8KLs6vorSr16Y8v7p3VBAW6v
QIyBYK67GdUN1sGmb/gXG18ptHu8vaS4NH5CmRyfXUI+b9c33vbQacG1FU+TbE3z
XJWgT60shlTZlywSlkWWk6K4NVZfz9ECrDa3BSp+iDUqYZcv4N3zsKw7rXONbfXC
JRdOA+Q5jhepsw49r1opEmDogok27iEk3+Ug7lTucPZVNkA41UWPOeJiKW1xOke/
D2X8fAHvYkCDzEO+Qnu8MgRHX/DoQp1hgqG5umINCYnSjgK6aRCqATZf1OsWCP/m
iuK4O4HUJa0mKUKv8OdjROtJZnOQhlJep/OJwnWBGerpQD43ZWYy9tbPE3narpYW
g/QfY0WOTEFGcBOACEgL9s/5G46KquKBxdP+DY7kaGoLMICb30ESASUaPniUI/Sk
V9LlTcQy2ttEt1k1sqOCsfby1psikLCNqDal9o5ESeo1+wTRMQmJAjMEEAEKAB0W
IQQfiZg+AIH94BjzzJZzpPJ7jdR5NgUCY8vUbAAKCRBzpPJ7jdR5NrxJD/4q+MV8
SZ6BTiPjvolCeY0/3uddWbmc+74VjRukwGXjE6oYU7rcZKWEAM2aTRb5XBUgV7Sr
7DsrpSrZawjwkG2UTziJFQ1Jy3nQw93QrXuhqdrIYjjKosXliI5vT2EGTMfFKD8s
XqDppXaPGFdntitZpAT624XkCDkvbe4NOXohX6bfsxRirM200cjREEgyqkp0XsJo
t8iJVTElyGuOuRlv39V+FUsi8Cd69SGKKmjpdTLcAahrgL0w6Cqo4lCtKuTyczvf
X4qSQmb9aALL9+MsjDcI+zNhmA+6ma5c8S+X39fjTB3q9w+5ZlbURnR6pru9iDbJ
z5XPe8OD49K481yddpYOg6RjaQVKrYGnuCn5b62DHIDhrnGB64aBoM7AzQzkBBdY
HfNjovlAM8NbsoabH0OKkC8wRCVVCZXMby+ilfNVhdUQ5b/3PCpfCv7jkvtPxRCy
sejp/49ueMGol3gb11BOc8Zzqe483cCbObPKH3rfPZ4JxXSq4DF7CfotwWXSu0W9
UzJaDDyyIXj0MHiEzt1lXnbpDJTLn3ge9yvId/Y8Foea7M8maYUtqSAH+IKmj3+F
BUyaa/3iB7/yvb9NT3vEr/Tl83pJUlEc51vovlCjNCxG3v+RVQpDq1H4K0elydiD
NaVDCtxFpx5/lWRrp9eNEsk9szmpCbsNK2xch4kCMwQQAQoAHRYhBKxTDVIPLzJp
9emDE6SESQRKrVxdBQJjy9URAAoJEKSESQRKrVxdAKIP+wf3m7nEqieGM+NFXRX7
hk2c33lCmcI7eiS4E+HBuH7gnIg7XDUnAYuIMScOVNVaVC33enEiVBVaIF0eWmad
OlyZJFS/WRMilLJWBR6VlkEOh2hIQEaqpTsuXlhnTBrThLzdgoCf4+3wa8fTF3Uj
x6edHejhxn+Tll2xOv/JM4pOd/iblYxyla7wh+yrO5tsFUcioBHyI15ceS30qA7/
lc0dA4kY1XQnKASRlkNgGaETFV02hjZjXgg2i2Ksw+534NkoJLZL/Rnf1eRMMqA1
BBwqjuAR3g11Xe/rjLpXd2zdVI5bK+C+3V8autvZo7upzW50QhQn9P68aCXrZjqE
2FgVHxa/czYdy/oDaznYRDhmlEC0YX/zqcsYm4A9LQpnGg2GT/avVNAtKSPH1Ap/
/etc/apt/trusted.gpg.d/debian-archive-bookworm-stable.asc
-----BEGIN PGP PUBLIC KEY BLOCK-----

mDMEY865UxYJKwYBBAHaRw8BAQdAd7Z0srwuhlB6JKFkcf4HU4SSS/xcRfwEQWzr
crf6AEq0SURlYmlhbiBTdGFibGUgUmVsZWFzZSBLZXkgKDEyL2Jvb2t3b3JtKSA8
ZGViaWFuLXJlbGVhc2VAbGlzdHMuZGViaWFuLm9yZz6IlgQTFggAPhYhBE1k/sEZ
wgKQZ9bnkfjSWFuHg9SBBQJjzrlTAhsDBQkPCZwABQsJCAcCBhUKCQgLAgQWAgMB
Ah4BAheAAAoJEPjSWFuHg9SBSgwBAP9qpeO5z1s5m4D4z3TcqDo1wez6DNya27QW
WoG/4oBsAQCEN8Z00DXagPHbwrvsY2t9BCsT+PgnSn9biobwX7bDDg==
=5NZE
-----END PGP PUBLIC KEY BLOCK-----
/etc/apt/trusted.gpg.d/debian-archive-bullseye-automatic.asc
-----BEGIN PGP PUBLIC KEY BLOCK-----

mQINBGAEHQwBEAC7MhpIQlLicwR8tmMH0yFkMIsqIbfudnBCuV043sSSSdUT/XjA
XKdsdOCpfb6Tfiau1uY9Yb8gWLM8JxmSuaIa1jKlYiRZ5G79D7NOVIcqBrqp3lzV
HShLEXs4421f0Y4bSMuDcY/cdmRt+S+qlJvqKLwAbyejyi1i1N39UfJtK/OdZfuP
Njz8VoWPgJff7CaIYYREo4QWzAnuq65gN6DP3q33vh5OcoZgMDR+toEKYyGqhjXI
YEJU9qYz/wpglyijbFoyS3jn0oCTHpS2NwKc01vBGVZpfR+DVSgDWWQHjlrSpb9E
7bAxn2RfUZnQ6Sh3qcoihOjyI0RZ9ZYH8uQlur1JSS2n3/RxtCaV6uRtXDB5GuXj
NfqNsprZVhYYhBcX4z/4oMVim5ABkXwGNQMezrESHGq3oiIeJaBI5Oso2g/D1MIS
2W5B6NzSTqB4CaGzZ+IY30vvkxhnIG7gr4y76FzcafdJKM1cH/XlFXjnSGQ6UmA0
E6hpXnjsQWGPL7InpDYHFVl1dH2syHOqHUmEU8CcZayb6hVygnQHh7DlhsrtnrN8
4qEkuXfitC4Aqaq7lMflGB+ymphxBM+CC4OfiyvW2FDuzQAIWPVRwmKuKxMCRnPm
Sd+UPkyD0jm6yb1F2Fl8Y5T4lYOJJ9OfOpUz38LEqdVx0BosBn68shCwPwARAQAB
iQJOBB8BCgA4FiEEH4mYPgCB/eAY88yWc6Tye43UeTYFAmAEHQ8XDIABgOl28UpQ
ikjpyj/pvDciUsoc+WQCBwAACgkQc6Tye43UeTYUrg/+LEMuHp3zMwvR6zok7CAV
n6Wy2QNj7uNEvx7S4jmd8oMcjPZqkF5kjNso2iJs+l+6AeluoQq4b4gnCbGlarqB
Ee0BwKdHKo0eXcOzmx3XoJ7Gt4J+/iIrBANt4cXmvT6kyreq5unj4AkxQDDgeaBX
Ukkr7B0WtzZpRWyYhrHELlGEEdPSAgnIzmLYNXQT5cUrBwLawtn1IfC4SYpVfehW
+ltr+q7OlV18ggLxjsXTD4EppPGtUn9k8NYzMK6IB6NnDxT2pwCsJZzItxv9TU8m
VwchJ+NZ+EKCRgK3QfZkxEfXuZuxRdjyZp3ZYuq+1nT/7BRx1m/Skkj8/zrv/aFQ
iLi9uT3gqAG0PRZBgXbYDHGByTayZayZuW73lBV5dZyEpBEJ55DXgbnDk7rmKPDQ
itXpVvXEZVDo3xMaxu+XP/M3THz159ll3//8MgUKeQWw0wHYD9/iWSDmeo0i6XT+
6cQU3khJv7IvoiK5S6slOa2h3RRoNbtIHhtQVGz7Q5RfoVkczOeV4jo9eiJW3Q8V
2SUhzI8WIIrEjdQJaG/gnDNM8dlO4gnvCfTQVThEtxkYEAWBreo2DfWsKwqi7ZJa
jMdpPGTIvU+pJwDY6i7zNuoHrkph1sgc8dYraX0VzjtfJYLMv0z+oTfdHkNKQ6s/
zhCBw9V3a5w4UtIKaSKGUwiJAk4EHwEKADgWIQQfiZg+AIH94BjzzJZzpPJ7jdR5
NgUCYAQdDxcMgAH7+r21QbXclVvZum7bFs9bsSUlxAIHAAAKCRBzpPJ7jdR5Nmn4
EACMtvbnCpFKD+MzkF3b5ccFQLk03cC7sPzRipKsR1SoKKXV7Vcps2telPZPx88F
zjRoj3jBLtsFNELYvpFANFCLO1Nexv9a79sG8vYrhqKDLT6ecgSJDHbRl9DovAjl
VbAGsHBjbmV4J7o7F6xcXgB4t0DIObe2yU4oiCa+S4ku2p9a5ZPrKMJmbRg8EfwD
2VVfw8KCycW977JV7MuihXYjjrHugI40h76+rTbKbuZLcTBxMsi1Dfx5rpLVYZgu
kMU0N9WwBdCC+x6WBQGmOFMDy15f0cuXYTjDuiZExFaSb04e9O6p3wf2vOjfsexF
IQIy9sXJ7KLfpZoULVzoUuAWgZfKxtH3D4imJ9jeiFKbPomeLpo7vsxfZ9W8UMRf
FCKUZG5kS6HKC00ThKD8qXCOz66Ypfy6BJvvTAKr32Y8lgQNqqu7DIntjNrmAJXY
SKlE5h+B/tVD5VdszimE1tEEcgf8lA19C3iqUTIle17w0WvhJgBITE+TP2SUiw4t
fWYQ55y4oUfJi4lJVck4PuV/ELzwlZmN2A8PSgj7JmivfEQhq+ANGRpnGJ7AvmhA
OsuPfakHmsiAdeo0EOIPy5hYFxWGZcFI8xX0ywMH9Kh4hS97oZInCeOsBfWGWUrL
4NWogLYDIsdVLDxlDT+ZPnXzqlbtHhwuoniVpVWXH6sMbokCTgQfAQoAOBYhBB+J
mD4Agf3gGPPMlnOk8nuN1Hk2BQJgBB0PFwyAAYyCPe0QqoBBY54SEFrOjW4MFKRw
AgcAAAoJEHOk8nuN1Hk2QmcP/A1IBxQMUaPom/NzStJhOMibGUGgcCx306ioq3By
gu5L6Tfo5QoaJINj57Nee+0Dy2dHe9FCaMdv+Cl7cGL6egq6VyIhDyYef/edVRXa
ukzi/dUIW57704lDyudHKBy2KTbzY/WJBNOBXmRG76Q7vTxX4JOYv6whtd5ulyYn
om2KUlctOJ1sfNXg+D0QWo2XjhTkevdewME4aQEaPuJabAcfcr1LoR3Gnsw+l06h
BzuUn1kOMO37ocveGzwLshzIee2b0bhCcc2o2SH7R2xxGkAAleSeS3nXsn0qH/R+
3juQfwKqonmqF/dMx+JhcbIvGi8TfZ0vzhC3YJGqUdK12un0wFF0c0IHR3ZnbkvP
4Fh+yThFgTxMhR3XiX27+n/ic/C1fm3pN0RnQabUHODlP0VgAVk2fwoa+rjZq+Xq
iwZe3qqfXDQrB6blF5/K9jyEaph3D9Ug7Z0wVyFJ8BBgN4+b1DaBRFt43vTOOx2u
VuRDqGjF/LuBAw97kphFK4e8xAkKfUzjygQqZRt8yFr2LvfaFyrBklEqZXDjCs2/
+sZkS0e/EZ4T6yaUM2jPzt6MBM9A65VZE0LtvWTLQuvxpbdrwxDyOfqX9GW0RCAX
bz08y5h6EqBeBha0s5Mtdy0V4FgFNNTeTUR5GCTi+wWUkwni3aCOBPnEjHwCWYSs
uBLwiQJOBB8BCgA4FiEEH4mYPgCB/eAY88yWc6Tye43UeTYFAmAEHQ8XDIABMJkR
vqlm0GEwUwRXEbTl/xWw/YICBwAACgkQc6Tye43UeTY3wQ/+LjebzIjgcLJaFePu
VICRZdTjtyj0EEWDc3rjbYUhLH/oMMDt5wjvKaRiF5TixJdP+BqbYOaNbC1q1zSX
e3WKp7rKf3Y23A4ib6qpI8jiAG3vZRyki5yh4Upe3BsTlRHYVd4O4pWzNktv3NYw
xg0HHv6T7ZMs0oGT+ewQDbVpovWaiaaLgFPtFYrN2qPhi66J+K+QTNJdTpvWUQo1
m92YRVlG2C7rx3Y1x2do5SM/vhRJ8Di9bMU0ZCXQGLoNedTEq/3OgjqPUUdEtcUw
f0jO/fPnaEhaqRDjtTteGNx21Iy5adM8otUw4XQmmDe7makdmYTi3LDTlOVkOyMl
nWQT4k601ySvnSmdRwUT7vOV7pqUnHPTklBwoWO99/N0DF524LW8/IobNuUyX8hk
Q70krpC7/suT7cq+l8Q45nJ1zTNnYNUdtLktB4MwQchedynsmPjGjADpqgCFF5gC
yY25RIJ/S2CBObE+z9Kx9s+CAvQyoTYVaQdwXmavybHpPmocXGJCBG0V6JAkJTpJ
DFNZM4MstcAltUH6JgNZ5YkKvDAzLBFXROvo0Se4xsEiMkhPixXqqtiITiynQIIg
Lgb9BQB9MxZ1FD1E5xC+ayMuD5W0gXGNQUNflaywJHIGTY66axrIVXPXhi6vhLWO
8YYIsewgcR/rQDc9kc5SGBvDxs+JAk4EHwEKADgWIQQfiZg+AIH94BjzzJZzpPJ7
jdR5NgUCYAQdDxcMgAHHT2rJ6TOzBn9S8z+kWexnFbBwXwIHAAAKCRBzpPJ7jdR5
NhsQEACf8Cwrte2o8ZoUo6GhLasJF0Jkh0d5kC7utqxK3056ykRz4QcHmacWdYzT
hZoYtsSzM9UudclTgObbRnnGFZz9X+UlEzM/D1wgQ0uDbdaYbMpNtexChRnoYugn
gzhgcZI9kzWXLSGeRR13TVoqHFTRiDkl69OCxGf002MoSYKAqwUUoaBnb+uAoDFd
pj+UoFwKqcCiDUcZ00vXtfR62f8i/+kYHjVMMrE9kksk0Q8Q+cj8K2e7znaLD2hJ
Wre2ctLUX9HON2Xi+Dnw944GtbdVMIZjoTgeTphW+eGr8B3+WHYUoO1MHMb3eezB
ZSZHKbYLgPLv3qz6dm/VHVBR0MOSJu7y2ljDIb4XAvvam0btK/JeothXWgUr+ou3
Bjc7YXH+Q4KYgJ1ALs34PmmyTaKmT3lpbI+3qyDcvx4yEGZJLE3hE9fuOwYLvtXC
c8+wxfLpRdQ7puuFTAL97i1eHGODj/ZZDmUivp1eUzjoRUTDyuvWOMVtC7D2CHai
+yRQVtN6uCinTwCnhlq/+B+MMrlEL92kNEvoVwVkGsogTupTiUy9DySk4b8iyKsy
thnwN2zCF+GfwjEDetXJnO4kLQGc0TX01TSLp4b9mqGXKKYZyp2tFOJm3+QtD4/1
4tpGFTZWqfLDzCNXUSXUQFTHUFcJ9guUJp653054YfJAIhl0VrRJRGViaWFuIEFy
Y2hpdmUgQXV0b21hdGljIFNpZ25pbmcgS2V5ICgxMS9idWxsc2V5ZSkgPGZ0cG1h
c3RlckBkZWJpYW4ub3JnPokCVAQTAQoAPhYhBB+JmD4Agf3gGPPMlnOk8nuN1Hk2
BQJgBB0MAhsDBQkPCZwABQsJCAcDBRUKCQgLBRYCAwEAAh4BAheAAAoJEHOk8nuN
1Hk2o5oQALUciYUFb+EKd0pz5zDYpYTLxyzFk6d1mMVJCejG8ZiEJ5Jv6FVYMvDi
Gmku0yrIjnKe5vfPXGHOQO7WOBbge2M/VQcmQp/mkOEcvAz+2lF71dPHq7/RadJF
LmRxnvHhbDANl+lgO4LNWHEJRN7s29IJVBzrfOXAoDgVs4gKjVK5JC4qNA7be+TI
uQwyCQfWs6tmOpKaF578APfYdeao3kNZTe85ahUm6WrtVEBcQtv4TlxY0X4/5EBS
lhyNux12fvA/0/s/iB7Of+SFHbj7xZ/Ep4R1BxmX9cBFaNVUD9UQUkJLstMb0KnF
75PRcohPjGnPN6cpeNwOX3D2zAwn7mGeRxJP3ttppV031HzzI5WBiKT6jCONNuHS
6uw3yhfTD96OHOwhDG3ikmOh8jO7cqAP0Bdl1TICZ3RIMqMR/iYLFmLLrlqGI3OZ
IRMMJZe+7C8uFRHN/hX3Y2f41FC7lf+IKfTYL33x2CGzTlW0fQIz/cERkvHTIY+t
UjOvC518F/8Rq3+MAg0eoa/hQR9v7c4vFBzC7V3Ix8+A1MJq+E5aEqsy2vIBoVbM
Of5cjUy5q/bCq7HU5v/hr8gzQHArfvIYgkC/AXfWM17G3DR2fsUE+lyc2ReAneMr
/oqSl3u51ScSAHMeN6/6Le73aZ4yYwhPIS2M/KDf2wNURv/rMc0NiQIzBBABCgAd
FiEEgNFYI7f9FWH597zd3DDXwjy7q+4FAmAEHtsACgkQ3DDXwjy7q+40iQ//am8n
YLA4VOAw//lz8CMgk+Uyn5HS2t2aAdMvep5wAVPVGZZb5Wa5eoNh4Rg5GnurVvl2
N0OXo57vD9vXHhJkooA3p/UaeVMRnilNgSWdphW1l4rRXFWCw6l8frLp0iVq4yOx
olOWTrWmpCYI+fgRrOknnaiqUS5+TH0a6RJtFJsO0x7wjPobdXhY6vfnhBIzdfnJ
/oH+EkYbXhtMNtpUT75bywtB12Bj6Y+CPbel7u9yMOwBK7R9t/56rpqF8WwExr9O
wJkmfgVkScy8SOBTv0Wv+jG9JSGZKVNqCATYnKga/QgOMuDmrIbIe+OMjgRhiSfc
zXBVWQ7Xd9DMzh5682+DEiK7cawBmpoGnJNkERR0P3uqn8vn+TYkEHpvNHQ0kISt
/9IIiI9BOX3aA26xaD3RMSldsCzq2n64Y3THwXX2hTT8FCYLSAlrdlaqVajsgAsJ
HimcbDnPVmYfq2YlBeEiRbdeeZijKO/OKmgKtSble3/7Z8JylyCIGsZzYu65ZYr3
v5QfSRSmJYPsG/MvI1dMpiohBs9o4/JYrph6/ulgZVMaMqyWnAv7+MsBSApXPRi0
13k1oInnO+toUvFWh2NdoARKzCQnVf/xozkhSvyAbVTM58jTZQjsAVIOUAKixeRV
7xR99VUoJYDrZKSewoE+cHkXWYPTf081wPBDdhWJAjMEEAEKAB0WIQReYbIXJl2p
gHojxf9N+rJwyqlt+gUCYAQfFwAKCRBN+rJwyqlt+oVSD/9nQjSynGhzlBF0817m
JNRH3m1eXEeWc5vbuEkMHTjphctidfhEgmC5Ay/DvJlN+HNhsLoYZb9It5vyhkPE
AM46UroQ4mcx9Sj/IuJNrUF7UBLGx9TWDx+7UQIA7/rCDnSdMfHkX1l/1KD8t7yi
sTXRiwWvIn6pEwlZQ6fUOgzy2emZU7l1UlWQI/kWFb2gmkgAb+/jStbjsIJIRaQC
WTvkasgU56vCu5oqb2/b2gUSX0MBTIboszEZxnZe1z15oX/RD/EU3zPr0w4wmN7v
dLBtqbFxbnuVhDAPJH4zRgPdTB9E/n0PeFE37OxqOlC4eQJMKrFr4yw1nn5O5HMe
nkRHnXWQHwMDSE8ZEQ5OB3BRC8J6eUz5hk0oUNepcag0h2DUDsvSes/Ogf0azipd
P3h2UCNrNqe6RXKO14JmR9028Lpps2LxOncjpoPKWw74zD10Ts3iO1IuCOc96Miv
Qtwbnu5pQhq/LyNKmXsIkMVv7oW0Ca/EuUl73UVXptwLyJJTEtFJgXibmY9NQ9aV
Ii7mJOLopR8bqYP3Esl8Uqtk/j2UsV+Tl/V4a2KgbpR0b4cmfGJA7SyrtBWRtVDS
KfzSvrZkvC9eAQdizTlcGM32r5jesNnui/HyBcRjX360gWzzMeOdEcHqRQ27qimg
Qk+PhMXfJ9thcG09Tri1Zt8rKIkCMwQQAQoAHRYhBKxTDVIPLzJp9emDE6SESQRK
rVxdBQJgBB/dAAoJEKSESQRKrVxd1WEQAKIOigIdl5WR/YqQrn7u8nXdU0ghMPNz
9xTQvbIQC6f+A5Qk1Lwu6mD3keKEKu/aQ6wN1DSu86xAKwnW1ZRzcHJd1HVjpjNI
Q2j53KmPAtMjQSlzsUz1yfp1wSai4BGa9LbobIbC3nbtndiUmbYVtvn4fGa6k2Qh
tti+TzSy3wQ3lPEe3aVD+3BWr9F0kOO5f2N2Os6iaF4ZFffn99D5qry1K0sg3IBF
fLryUVkOUokHV5W5TaKfpvM71iJU/Sua6E0XvDiD6pXksqOVG3kQNqa7AEESzPHm
2+X1XydUxFkXK41F/8z+mNOy1z5wYz3QfL9gp76IV48jjYNaIFCkq1jQOlOo7YDa
EvlKJPJ/0/eejI6mLJO/7irqYaSgYlCTe60SHLMjmx4rmYi0YEdgyEk9tnqnKvws
/etc/apt/trusted.gpg.d/debian-archive-trixie-security-automatic.asc
-----BEGIN PGP PUBLIC KEY BLOCK-----

mQINBGfpPl0BEACyof6b+LAkxSHiTZc0RAjilNtshxhqOSr5hrApjAdyLDnUWMf4
mp/UytFKHCbzU9H9QkYXLyr2mCltknX5+A28iYHZzS0eX5XMAmaWdqvd4IkAb/Sw
5k3hFSyFTf0DUW1G8O2AwTwtsC0sX+jDyCzt+zBp2ARnasnm+3gZ85iBmmWkrZf+
HDljanl/BHRE5JzX7Y8S/B72NHV7++m2dqCjsEkWZDH9hyI08cybz/Kjs5wBnVuj
1MqlStKu8kDP/rR8c3KaehwFC4piThZsFe/0SgtieLy+BvLs7bYRdO6SC589sPK5
5/yGmh5NHenVOafTC029p5ZdF7KMPJnmGo5hIqQ1ONBDtVzPQkNO3zlGs+auEN1R
m0PGrRKd4LYbuJVikn7Xo0ZhrOnoczGEfmKAQmRVfWuSoXwH/Xn2DwESTXwx1ruH
uXcY0hiGdmfWVwJgiBa+Phm1Fj52ARvzcsIPM6Ib+nigzcSoXax3QrhPazVUaPn7
PPy0ZEe/qKN31qOP1iCKfrc4VuykhEap9ZcN7HBwqcmAUBImnWp5kJH4KeDhg4Nf
UKuREmPF1pyBzVXHQLi3eBQq+/G3fjJpVKOmUjz/6uURgncWeD49RITaeaX2Hgh5
qpBXO95IGjp7+nkD6/CR9fjZ3W7DAC193Hw1VCX+8zrCC9TZ31pxawYeewARAQAB
iQJOBB8BCgA4FiEEXgSh4yI6GaIHBuIPmQRhPUzOaMYFAmfpPmEXDIABgOl28UpQ
ikjpyj/pvDciUsoc+WQCBwAACgkQmQRhPUzOaMb0bBAAlyO747DrgM2oaf5bTBzn
lG138521Pgkc5QtzpwNZw0n2HnJx5KRQBbrr59VaGCFntrW6mueNS8Wz86PypPUl
5OZpGk/Wo15x5UNkvlMgp0V/8SK3m/6/EyPkuhX9/cb0MiN9svbDzYXR4N+bgFnk
iVICWk92P93Tik7f93IQ40TzAlYcjDYKjo019x+pGS5VYw0cIGjtsNijawiGDIyS
+9zNsvKUmnmsCBJuM9e2dL3iz2p+4qOC/MyCSNZ/V8cT7DjfJgfIKtByDimOXCWW
CRn8uic/49ou8gY82tiASj7Bdmgi6FstSh9FX+DBeRMkRyACyd00sq5PnFKWqrcE
svDNozqRHVBznhf6XaSET4uvfWkE846+8GlnNkJI5PGDj3o7i8YeQYN/GKFyf5Yb
bvzHkZGp8d9PHUYeyPRUmK4lRi0D2M/2z8RTg8R30bJ1OHZoJ8JWmdwxJo8AYGLl
mm4uLDrMoFvILykVvT5TX3r8Zw0fQovJIIWbRAkCtEWH4AK8KUM7B0W5F5NO/yDC
S9xxcrK4QP6A76HMGpHTesPnQOJQN2mEMp8GEiPdV9aCUm/49tibc94HqkuZhh/G
MjScKDvhq7WcxM/qrNGW4dzF//xG1DwS8QfphB7pxW8pWyg+UP0CS0XveUzpfbiq
Cj4NUYDfuUrk/tsQrYQAZdGJAk4EHwEKADgWIQReBKHjIjoZogcG4g+ZBGE9TM5o
xgUCZ+k+YRcMgAH7+r21QbXclVvZum7bFs9bsSUlxAIHAAAKCRCZBGE9TM5oxpcQ
D/9QzrM2OC2jrvFGgizwD7t3gksSUiL53h77SxX/GJItjyQA35H3ITmMK+y9Tz1z
JiR73ecXT7HeAzmuiBGv4gUsDHmPUkNHWS7y9MavKcczzM4g+aU+EkS7uFBNl+55
5ksLCtb05oaqyGTB3TKFr4/myXbjJReJfM3BoJmjOeMUoJhN+aOYaGfbGzs7G/Kv
lza2gGi2G9sqUHHLI3LN5i64qdm4Uk43kABrrOwsDbZtumqcDmDOCYvdkBiLyxrh
H1iE2bq67O3jlefq28dDfYOEFTJkYNM4MqE0FAi2md8XuzzqBohmwYjGyrum19Bj
mPZNEOltbwr8TkS15AWBhjw2roVh5r/ALINSDEadu4v97wW4IMPjf1FVMTEj1+6u
qdOsqrLb2FVUcHa9XWIpZenJ+FMNmqWizIP+ywszaL2NYp37dmj0JBmlN6HKID8G
nt+XBbF/t9rjzMwWiF/uqdUk5ugkI65bvdYvg0HQ9zXlqMZQM1tU8jayjJEFQ+bh
Zxvo8bg5Z5qqIVAqnkN1qg/4IZNHFKEny5PvxINTeRlJS603ItF0GkynRORki2+z
r3A2mhLOcN1Wxa4wfbsc5fxOw01bKHDsH/cFixMxFdRSatDioErG2JYuDLfYBSaz
fV5zchZVXvlbsv/dYS0agS3jh0cdT0YWzs039JU6qTOdgYkCTgQfAQoAOBYhBF4E
oeMiOhmiBwbiD5kEYT1MzmjGBQJn6T5iFwyAAYyCPe0QqoBBY54SEFrOjW4MFKRw
AgcAAAoJEJkEYT1MzmjGLeYQAKYD87QtbgknLcXkjQG1AqTQcf8k0WNgBIOkXuCn
a43X38nJny5BFHIwTZUh2wvXFxsFE+IBapD5+Hma/48Pw0fm4xHvxvtxsSiFe/91
bQhlCeuyRWukXlPNM5xhIiX0rKD7K+QMH1gywfu07nGYB2ijvdBpPdp0tHHyyYZZ
99VVMR7Y9qeltadjWFKpPUubOKMkPMhuGMJBMGReY3ISDUpG7lfpvMBzpW62D+Wo
ac7PzVcvzU2DhaTkcYrLhJSHM3Q9Z+/4N6t0eZJMZXLSmsxN4s/ZoG1pyhNtCyfO
YiPXh7zf0WqKKIGZarwieu719fNhbMv5WoLYIENFkluYWCW/gHCgcvNFbARwAnFj
Wb62x1QEVkmNsBeUk/0nu0bwbRonQ9KbH7ROOT8v5paEJgbhgECWcTO6pu0LcPD4
XdSILIDSE1JF1VN4YoXwRMi5NglGyvsKXQJfI9OGNub5kKQ1+bldsMkItJq8Z2At
VGdPNKAV+0SsSFPp4XbVpx0jfSeWnGlyEgS6AC+YkvZtRS2lW9le7KFfHLELs5Li
9cKad0P0LexhQcrf8lh+7M8jJzoYTecdIRA+TvL7BgZyB8kVs69R4UM0Jsvj94Zc
uN6ylQfv7QEigcTyxt/HW4uQw2aqA8ELC57ylBkBRoppeETMjlQrn419wPxbY5Tq
HFiAiQJOBB8BCgA4FiEEXgSh4yI6GaIHBuIPmQRhPUzOaMYFAmfpPmIXDIABMJkR
vqlm0GEwUwRXEbTl/xWw/YICBwAACgkQmQRhPUzOaMYg4A//aMh9o6Rkuu/GJmEZ
8+WIYQM4CZo152ZWdhcXGHtFzcK4Js+CkqQPC3w3yb4luJYAHzdXItp/BRRHJYc6
GEVj1VrbNvR4JydEc/w3XM6FhWtl6ckSUSV8jdm1NW+Edhs/wJxRDcjywCamdef2
vQg0VQJwHRMvKiAwtzLnoE8Tr94ONp3gmiXvSef/rctQtOnMfTmYrpGeUG2kp1zC
TgxRgLQazdJMeOyzaNoK4wDTy94TkDM9irA8LwLe6L5JqECB8g5lJnk2i/OmCOj0
EBLa3W9uFZSYrkLoSCrbIkftefe3Uj9f0a0AijFkfuNgY8tdoYJvEmW+vAlWuPkx
NJbt9Uqe009P0JBFArkc/YTV0BJyxRsLsH82vQvmG1F/u2gSJnS797sgW9OfXqel
yCNfEzD8nfjjQeRZcfBKlB1ykILdfedLfYGukp+lGDja3LE0tQKDAyg8hycG1odt
QWS7dl/bK3yuxJIWlvDLyZYrBnYr4YtRB9vaHmtzTg2IexXur+tgLbc2JAoM0A6i
GPg8pAbTzM96ZBSb+dCftIwVxJa5pouGwORGcc3T+k1/+g0Fdu1x67ugWNTL+RFM
LQvFtXR8HTCvjlHecVvAZ8+Mn7cBdC4kVzXedvNNTch9dVH7VPTtnr+lcgbWekKn
J4bZjmeB7t7eaoutOA8LgePrG3SJAk4EHwEKADgWIQReBKHjIjoZogcG4g+ZBGE9
TM5oxgUCZ+k+YhcMgAHHT2rJ6TOzBn9S8z+kWexnFbBwXwIHAAAKCRCZBGE9TM5o
xtf/D/wJ7A3ZvO0G8Qe1Idpj8VlvXr/SslkrlJbPebV8DjP1F5L7+GgqVqX67ID2
TP1alhVCilzeuTzBHH6LytNOdLDq8hCBzJ7Raw0oUH7XbdCQ838wDTPzfF3tFYFY
74K4+e+OBCo0oF9GwK9RHc/y3iFUnjQ9rSVi2gLt+gPznNhNsV91ROwuuWGIRXUf
qDHW7chZC4g18aEWM+umqYkSP9NXkX10Xdr8HXrC0wLfmiy8pPLNr8IjsxSM3jgH
w81sXQ1WfmRi0gJySyCbKMvWjebvFOAhM7k8PCmgEroIOJ3I+Pya3OHMKDKalblI
T2KYuqbCSQw9JUTGf5FMo6SJSOcXnv7t9uqew1fyyLKSrhOWyLoqMcK5BTdj+CLe
VlVfPMNMz0YfkaP1a6/TkgJqgpYZmL6PTymAzflFyIgsjBB018xHG7RK1cZIpyL4
xx4jLl5a74wC7yi7xKg778znTS+qWp8hkBdwlvjDur8XlRbRpn6w2YQL/42njIEe
ZpZyXB29m87DKxBHJduk60PzpMEgo8R3IEY+MAKrsiLDKcYw/RdAelQMp1RG1szR
+OizzMMDB/KK1q+XXzE+qwfHq4JJgTcLyd2mLkxihwwrtLEN+h8OIS5PkNC81q6w
Okwycdeq1GPJjEntRxbhbeCdziWNjX+jimOdof/4UYW/TCCbpLRQRGViaWFuIFNl
Y3VyaXR5IEFyY2hpdmUgQXV0b21hdGljIFNpZ25pbmcgS2V5ICgxMy90cml4aWUp
IDxmdHBtYXN0ZXJAZGViaWFuLm9yZz6JAlQEEwEKAD4WIQReBKHjIjoZogcG4g+Z
BGE9TM5oxgUCZ+k+XQIbAwUJEswDAAULCQgHAwUVCgkICwUWAgMBAAIeAQIXgAAK
CRCZBGE9TM5oxoRCD/0cqRUh0dMpTuJCslbwvhxnAb2clj6Pfg3/i3ujuaG9TpwI
1pD2FS442dR5Mj5xlO1cvVJXGABlFp1iPkI4M3j9BJFNMd+zLtZ6XIJyUNr0Zmf5
sYiWNfXpVQE1kPYCReD99pBMXt3iq6rg/pnKfElcLesXUNUGs5DBtOMc2Ziw7djr
Ou4iTkss9LF7IZTAroRq19vtKBVpdIyRcuGvf+K0ETjtF1em5Pb6Bpspu8v+z1s/
bYvEoLGbn95MLjZh/G1cVQLSENkDrCqA/m/mXvYA0RVDqMiPmAdZZiBp15/2y5ue
N6c3px056S6ofwIocNGATxK7U1z7mcV8bSqdpnLN8oad/mOCioDGTN9CBLC9glUV
TTVQCEnSQtjFqKCmOZc9Ciwjo/uuDEjvIU+RRd9zXQbZBCmIqsqmlqFLWaaELBnC
KUbV1C4KmawWw0uVJW4bhPJqezp4gNWBo2H7wBtADl5HAe+X0p8WDAGTyykzfqh/
wBaQbRPcnh00NaVQIxddcgQ2kn/Ljsksgr5LypDtsKjhjAuJ3Bk3j+8OTi6xnd2O
4Fe9jDCJ58VX4RkPGfijvyB1yggeZqXhykx2pkr3lBDkM3koosHh60TaBHMeivYu
prbhiKd0HDCsekAntZFy+oBoG9zy3L2JgYgwA7XLVgytqSGg3QVNSsBekk/ed4kC
MwQTAQoAHRYhBLi4C1tiPqtq2HdcRbfF19Y1CUf4BQJn6UDwAAoJELfF19Y1CUf4
QhcQAKpAtT/2ZUr75RELvsl7hYQDtI79ewvzNGgvL6q53SgIcm9w0lU2LylccMsH
A4rJp1TyvpXSgkKai5MsqL/2G2VgJ7AgHLuwNg/g50vKDCQ9xK7j1W7/53pgMoo7
zz5iH8UjHgE8Fqx09QVyZ17bB4lNLlYkkEjc4WabfOe00CtK9lJeNJPxYkR86Y+e
yEEBauZLcteGKEjWPPAqOXyEFYpogsWrKxW/Wr0ilASDP1Hnqmz+uu6Grwjr292e
wXnMmk6TTw2BzUhkZ1mtHorxP9/LZIlNrnIBRbiintvkcCnvkHADCO4jXHBzIk4c
bGJig73BVnQyCzd8WobsMvzDsqczYB2Z0zNiSstzvPS2pug4emQW0wxO4XyIm/gy
BsSl4RQ3nlIflalAbbeRtqUOY0JVZzbp//xd/ZDfaeW2EyRp7//FdUQ29cRHuux4
/fSMLv3yo/mW9QgXR0zv3Mrj2aSwSIuKTtJTRAapAxnPRrm+CC9/fTSHJKJZYluG
trsP5fl1saYyJP/dvZbAq6Im9H3DtVuGLyzIzPd7NWrWQRlmuL+CKJxxX5mTFVj+
GKAGjjHKT9TyIKbcysPalYIZcLqd1s0Wecg4KPcLFbxFjOwaE7vrbkz6dcchb/Pc
e20w+09z2b/rfNKY7xhhAlhngvxg6kg89q92XV1krBF3gsvGiQIzBBMBCgAdFiEE
BauQNAwMXnl/RKjIJUzzta7AqPAFAmfpQToACgkQJUzzta7AqPBb1w//Qn2W2/SN
uZGVmUoxK6fTQn7VSKjQlsqgrOayaqmXXHLu/BwkGpy5SnH6tkQuCLKORZjCJG6b
PFnEhkp6807NrBcrKdI6RZ9/h8ikxMuzJ9+6nsU2mwZZq4v72kqrOaY5CLaej8bb
W8BcGI9NQJyWsFUqeEr/yUV4GnP9/CK2XmqvAbXE2cgD3/nGxJkQMKgZGswz3zah
wiLFDH8Spn5qP/kX6wN4MMm1KJhr7Y1BINL79WxV0SvsIF8KQ8O7EAXav8tVXCYG
j18gqUDZxDIjC1rcT0B/YgpKM519HDI6gBNebvjJULWrnkf1JlmB+K1FQFo6L4Uw
3Ectyl/9DE4UDfjLai9YMUqf7mZHsDtJmpVUOH5z+XL0PcoxteUsbSU19lA+BX/z
jDOxYzXagshIKI8OnU6iW6Q6qVjRbvTTSRYKYhzzoMwjvdDKKxMASUVsUtKAcrae
PboAWkzKl4PV1RFXQeSASRAcLedQMLq5QiTj9jf14PBNljRR6SF5rTr/PNXf77/B
tF+f2ITjkOWOeU30GzirZzDHK/sqynXnvq+GEIS07ayPhzlRMa9Tf2BPsMnCRYhs
DOLr25w3MNUw+TpaIA82CRt9YenzDiYgVbFWbZFvEV9/WEbohOAWUi+e64OpWiT5
fJmQjWPs9tXmKkL2Qg/dT6Cdh9J5p41HCniJAjMEEwEKAB0WIQSA6XbxSlCKSOnK
P+m8NyJSyhz5ZAUCZ+lMrgAKCRC8NyJSyhz5ZFJWEACYKgGpWGl/4Pj3JcsVFkFa
6Utk6S/gq0mAyRriPk4EwK7Is8B4ypvLFy8ZKRmQjzvf/FPdLz7koK6E5fVWHfJC
rFRf6A6Kqi7pMqniN9cLeJ0vMu2MpM1cEgaepN/+1yQoDXFI3ev1qxFh2AWZNIec
WtZ8NfhPHEvsE6/GyjLfH2c5mDGCKCzANNWA0KRWGknAXehoSB8Dj1iztjn20DRv
BYWUNCXpnM1I0MYMlDjIyq2K1Q71mz9aepgbNxyU6mIFry4z4CPW54bf0nlma/qy
YnrDb2FmUr7rPwjqtegNVDJqZzBw0QVqjMZoMqdTibHL7ypWHdKFthmRwp8I4ZkU
FLlS/tCUMdf9VDpIec55emcnfYptpcrjmPEJ3Q4oMdiqF34uJezPaXWiWy3ohGyU
/etc/apt/trusted.gpg.d/debian-archive-trixie-stable.asc
-----BEGIN PGP PUBLIC KEY BLOCK-----

mDMEZ+Gq1RYJKwYBBAHaRw8BAQdARlh1OX84KPJRedAP/M7WxPFEthWypAp8nved
FhqaX0q0R0RlYmlhbiBTdGFibGUgUmVsZWFzZSBLZXkgKDEzL3RyaXhpZSkgPGRl
Ymlhbi1yZWxlYXNlQGxpc3RzLmRlYmlhbi5vcmc+iJYEExYIAD4WIQRBWH99uMd0
vM8TFBZ2L2egssOd5AUCZ+Gq1QIbAwUJDwmcAAULCQgHAgYVCgkICwIEFgIDAQIe
AQIXgAAKCRB2L2egssOd5DjVAP49S/e9VAtn9ip2DXj5zx87MpUXnLHAhT/LsJ7J
odnKoQEA8murEqdcC0pPsAA6Gmev/lz0MWUyfe5Y6DMB6t16FQuIdQQTFgoAHRYh
BMphnWWnKnut/JbSgBlkGKrrdMihBQJn4atmAAoJEBlkGKrrdMihxnAA/3i7WOUU
Dyea6tABVGfFKfHj6yAbfcKVr5GL0WSOQiXNAQC2YTKoTfCY/WOZnCwEHebpM3Mr
6+A8lenj8pFzm8mFAokCMgQQAQoAHRYhBHIDYw4sjnJyUWhP68XOXcLFQs1ZBQJn
4v59AAoJEMXOXcLFQs1ZfdkP90fbXOydWNb1iXwu/vaUjxSx5Nk0Zwkjj7Pi74PZ
Ifd9c0Luf/j7dEHuJOzkOKvkrpTYeQN8Ms9ITVTMeNSOoQn8tnYsxhHqHUcI9ym/
vJ6liIsE2K95gwH2mOQ24ot59pMyQX7sXE4DuQqlrEW1JRemKs7WJB2E/4I7smqG
3+/mqXAoHKkpFBMm1v9tNVx1Tp3ER6C4VFszONlmX0NLB5If+wSits1LnsVgBK1D
Hd3Nxh78YQL0W2xBCOfsHryaKkLW6tp1efTpMHfe4lDEgTFvEWaO3NlPEeD67uxA
KpEG1b/CzBqx+Og1RT+0iZkW9oXYoKJI0Vx0HlYeMrhuE+Q0Fqy/nZYcWhq3y6Tu
GC9J+hyB7D3Z7ne48zNGaAU4x7+6pvkmlBWnNwPH/IlGbexa/F8o+rU0AWrvYCVR
cbbcSsgkq1Dl/Xjbvlx9gwkKnhacbQ5VUOA2Zkp6oBn/pFD1W8xE0X4dNHcM3J5k
CAeZuszjPIZXvwuvAjaOE7ZxKvGDlQTWK8zR5h9tvcwMfVND+EqK0qfDGDMtJqu/
W0lSJj3G/FMO3aGn0Ks6b7cmjbCGjmn7WBGJT2PvH4A4ml1qopWy7Ont6zt1+Cll
y/0Uf75AamJSrAAYFFIJlcpWH/7NRW2L+n1FoIOv5xj5h675uHh/WFlPTNQqrRaP
p1o=
=k1cs
-----END PGP PUBLIC KEY BLOCK-----
/etc/apt/trusted.gpg.d/debian-archive-bookworm-automatic.asc
-----BEGIN PGP PUBLIC KEY BLOCK-----

mQINBGPL0BUBEADmW5NdOOHwPIJlgPu6JDcKw/NZJPR8lsD3K87ZM18gzyQZJD+w
ns6TSXOsx+BmpouHZgvh3FQADj/hhLjpNSqH5IH0xY7nic9BuSeyKx2WvfG62yxw
XcFkwTxoWpF3tg0cv+kT4VA3MfVj5GebuS4F9Jv01WuGkxUllzdzeAoC70IYNOKV
+Av7hX5cOaCAgvDCQmhVnQ6Nz4fXdPdMHVodlPsKbv8ymVsfvb8UzQ6dl9w1gIu9
4S0FCQeEePSii23jHISYwku/f6huQGxSjAy8yxab0aZshl98c3pGGfOJHntmHwOG
gqV+Gm1hbcBjc6X8ybL2KEr/Lu4xAK3xSQmP+tO6MNxfBTCeo8fXRT95pqj7t3QH
Iu+LbVYrkLQ6St9mdOgUUsAdVYXJ3eh8Y+CfjmBywNRizOGHrEp8JsAcS0+a9yBL
+BYWhS4BL/EeeacRLT9kfzIqS1OD/RL/4Qbi2GLGFsiHaKFUn4xse20ZXq5XtEL6
ltQVIr/iAlBtdSOnge/ZkNvd3SQIyC2QBNAy67QutS8yiaCE2vtr8i5GQOu2fgr1
NJ0VjuwshmgJvbZ2m/9Zq1Yp1iMnPVJtOWcNxTZAWJDN4L5OdoqbaOkqS/+cgLy2
UTsc0A7cxt/2ugOtln/utXsfgb3Qno69yCuSbQmVM1NrwvZVxPIWi7B2gQARAQAB
iQJOBB8BCgA4FiEEuLgLW2I+q2rYd1xFt8XX1jUJR/gFAmPL0BcXDIABgOl28UpQ
ikjpyj/pvDciUsoc+WQCBwAACgkQt8XX1jUJR/jTMRAAt6Mltzz7xk7RGIGaF+ug
0QSoh9n07Y0oxEAb1cPSvo3o5wnxQ6ZYIukr2KTFkXaDh35XpXoA2Z9Uf6wz4h8B
nF8DWhbo+2sSq9au0J16bsLuIHfhzJWXSwyekHOrLiiiSfhjey9eQzgOT8jJsEjy
FzfxtMOTepXX8yQdp4SK3WYdVjAcbwjFGcbh5VqQIsr1+MdlaVchqWP1vm1ADvQF
C87hQjhpMzQoU7WVkJWsqlMuXh95h59h/SndBiHKXHQfs/LAM7M2K/fgS9+EbPWW
fC97/8SqpXheDsvCvueumTyzUCNXFpNGwUUA1qO6GTaMwHjaX/AeCaRMxCQcLdQ0
7b6zc13dqiMAAL1eSQ10TFP9kD2QoyPjF6lh0S5xshHWET5duw71KjYAAOGdv8J3
9DGMvT8OdL8UklIJy7KLjxJOjY21oPCHgx1cQKLONCgOAcQ4ZmzBOP8sWZ7ld8OV
Ke4c/bOqwbRMLNXUwuVJuejwvoypCOxbdlYUnfL633wVMQBM8ilog+2TydStV4AU
CQVsICw4iaXUU+B6gh1euvgvCW13q7pMFJDPbpC+EFC1Fl4RT+CFLE8XG0kXHQ3x
HWo+/b49x3MYv5wS33+NZpfdHEuHKwybfTIVshlPU8rXmrwmVXO9iRmAczjcoeYZ
OTI5EJz20PBi65wAdpAFVBeJAk4EHwEKADgWIQS4uAtbYj6rath3XEW3xdfWNQlH
+AUCY8vQFxcMgAH7+r21QbXclVvZum7bFs9bsSUlxAIHAAAKCRC3xdfWNQlH+KbZ
D/4uoBtdR5LdZGh5sDBjhcDJ+09vhagDh4/lLsiH5/HEmY5M0fwUTvnzV00Bsu3y
u/blyKaX/oram1jBzwucqkIXFx/KF6ErMkHBQi0w7Kqb+nY1s24rD6++VL/ZIA5A
CLoMxD/xWNN0GA3IMa5HquAxejhgpKB1Dm7QcEab2Jk2hnlCFBgmjun1xEqb2IO0
fmfXjREpRBbzvmOTCkEUm8CIikJy7CHmAIVOJnxQZyK5bua05fKZOJQvb7VmmhJw
/1eE5+VU0fMHbZDkVeL0LOAecpPGH3uCEXaf4J0Pu4jXCHqz9UPMNRawNWEcBRTZ
oq5M5GpRkIpPpt8j7jGoQaKM5bUxtsS0+8L56n03J5xWBy+yEQPYnBJs5n61/dcc
aRwqO47TJsADIqg7T5Q+v97+1xXzMc8KkTbtQatWdukNuVrbLNXlLYI/sPChqMtZ
J7yW9Qhz+ljJnBKkYTjG5OLjsInB80cNFOkZMjsj9gQgAagSwqll/IIXry0zKF/Z
A3ARmy7G5vjvqP8HjSWbcqbjdz27/H8Zn/HaGRK5GwoBS/4CyDiuvrq9bS6bk7E4
Ql6Ni2UF7brjEULiYfbMdL0HHaKHuU3rWBCZtFRyVJ3yUKP/UAdxtS8VwbkYBOIp
gS4Y6RwXeQmC9G6crnXR6hsODs5E47hiugf/HkhvyQ6CJokCTgQfAQoAOBYhBLi4
C1tiPqtq2HdcRbfF19Y1CUf4BQJjy9AYFwyAAYyCPe0QqoBBY54SEFrOjW4MFKRw
AgcAAAoJELfF19Y1CUf4uo0P/i+m8SnrFF7IcsppML6dsxOvioUt5dBbXgkSbCUh
dciW583S04mqS8iicMoUSXg+WKXWJ+UaAnfh6yWLcbeYpH8SZ+TX+J3WuLj4ECPe
MYfLGY4eehKIJqnEDfVqtoc8g5w9JxFglZBTZ/PJeyj6I2ovzVG1YH2ZER0cvRvi
tywWBP3edDBa/KPHzBVLaeWuuH28aAGHF2pHtEh+nDfQ/EblDlPUkGclnu79E82g
dl3W0GvcbMXccVIvik9IHPI042me4KJwy7X3qoNGbn3+XditIA+6rb1N+wGDdQkD
s9MvGmoQoxs5iFi5kW/AIdIMHCR+A6MMO4KGQ6E6UDd/DM3iFh2V+gavktk85sIk
Thy378l3JQRidRptifTJjESnyM/NUjN8JMb6peyn0xKyYE6uNK9cZAmbEWGCdZfp
62gPUo6dR7BHe2a1qJokvfSJdjZtczBuWotFs6EQcCuRDqpySzrLYitCNxNqJ0FG
+kryruObVXgr4y+r1C7+CczmGF0m8zp1BuGaT6pbx7X6VqazYSfOkQSk4Wyk89Ry
45RZmg79Mgv1s6NNz4ngW7LYNJgMZXwYHL99UiL47dOFBCIXTqVXURwU+BkVxwqZ
Bq10BWd+qdMPGl8hsA3zi64PJMg0u4YaWs/jasZaWaJI6tv/M1WsfQ3TCZrtT6YE
nhieiQJOBB8BCgA4FiEEuLgLW2I+q2rYd1xFt8XX1jUJR/gFAmPL0BgXDIABMJkR
vqlm0GEwUwRXEbTl/xWw/YICBwAACgkQt8XX1jUJR/ilGw//W+ckV1lt00dA+S2T
L7qaQehp//03GXnC4CRVEWalaoEylcqHlvyUiQc6+r44ZkoLTRSadNWt6EIISFaZ
OiIEDrzzpNUVu/9heQeJeeOzPOFQ0LBNI86xo8e1EmvWMBLDf6NGJZtoG1qBNIyJ
k0x7x51pOGf7h8xlvEDo3F0JNC5/N1FjtdAHdyA8HLQFkePIWHUm+h76lgF3Z5cE
3Myh7XA0NfKe33pgI7CWhbNiF62XhOMAVM6Lrjk+Zp7FWDplSiNu+J3TTjR0sAkp
H5Uf4V3i7zIhlVKKhV+Ktr5ojuj805U1tocrH68bBn4weLDfPzGp4rZ5aMoKqK+n
sTYZzFr6NYBQG/cjs0Mj8g5WDvXLLoJ9aCzhQvPqAzgkle2EQuzb3QSOQdg4Koub
/aQIB0TGjgKYM7WAj/ECoK0hk3w077VL7MeG8O4qSubW1toZ0ZrabWGRtJ6WxTNc
8NqdZHZhZnfDqJQ6YVnpuuvlpAMBZfTIMCQDpgfwbDA3ZmAQuYikB6Jyr28ge5v9
tYdZIIil4P17Jdma/usnVSplGrDZzDqxAM+sOsXejjdAIMnpw9tilIa7y23Cefls
qdzJsAxZimipzSuRU29VJ35dEtMvqxL5cbBVMcl1FQXGIchrWtSDlzy20WuQpitd
PejufO0YcdZCTo83Wze2OFIKmjGJAk4EHwEKADgWIQS4uAtbYj6rath3XEW3xdfW
NQlH+AUCY8vQGBcMgAHHT2rJ6TOzBn9S8z+kWexnFbBwXwIHAAAKCRC3xdfWNQlH
+E2DEADOwCe6UQAojyXmQSLPeRH9wfykeeAqVowt15L3SegF3CGf/WyPeA7o4fwg
60DMub81UtDanTB2s5ayGH/bzLhhDF/XjaotyEox6/J1/zpginVTnYRUs8mJempE
rWuirifsKHzh3VT/pv35rwblHhMdHj2txoZtTHa5MjgeRd3oT+NlbbG6firKCzGC
Vdw6sz478axa8tgwG65GPa/4lRZCfPYd62pA2HLlfFwjgDC5x1cOU6YRHVdX1VJ0
QEr++oOFWNi9grbBZjZpNSN2FFpXsvvA3zzaCGfUVZ5Ti4GKsC/RDbmIZFLQrF8v
1bETSQDWt4F56/njcQMcIOYp0yWBvRKhJUeEHVl3u+tGaMl74f59MZNPmNnY6y2d
aDIRMYJmcjagYcTSpFar6MziRN2vepQ0kVDxXoytmt05kNOLFkPgcKrqweVP7R5m
Vy+//w99drx47TwJeii7/GiuTN3FLc2gn5wmoeur3hksm05Kg99gxr8i1jeKGCGt
WLeA2Kh6deozOsAjyT+4cX4wh7mUO8lOTvRp/WRqqNo3aTdelVxdmKOjtqrukVjL
LaY1LLvlQE9K4jshcQBidr1NmdCl9zV/IZzP329juu4MvK7uyyzHSxXSG5jt0wu4
szIOzpgAqhsTasLQMi5Z1cdfy+NfqlVk/vmmSYSaBlmq2QgnX7RJRGViaWFuIEFy
Y2hpdmUgQXV0b21hdGljIFNpZ25pbmcgS2V5ICgxMi9ib29rd29ybSkgPGZ0cG1h
c3RlckBkZWJpYW4ub3JnPokCVAQTAQoAPhYhBLi4C1tiPqtq2HdcRbfF19Y1CUf4
BQJjy9AVAhsDBQkPCZwABQsJCAcDBRUKCQgLBRYCAwEAAh4BAheAAAoJELfF19Y1
CUf461gP/1p6/NzPvYsEfUm6zJYTIDKG1/zGeIC9EsOOluJKDgZYiY6ogYUDhRN9
X83yBMzIQkVF88SOQuT2fZk9KOdOAzdAgc5CB7ivoh/P44HeacxjAb2z8/tJJKW2
O4B3HpyWR+Yn5aymdLJe+ZFsBdfyU7RPlox42o7zZmf1ZQKQSoBZb7X3Eq3lq442
ZewjsjsRiijlTODfp6EEIHYhY8vGhU/lyqpwPkGVfl/G+s43j/MAo5b5TBeG2J9W
tqBYy+aG8cRM2vJoUrMZR0GZvgfbMVun17Bxg7ez4OiYhVblx3lMQv25BnagQTpR
QgV021xuw40cR9POy6+yBwRUYNziGZi31rrvzTzmFw9cxV7lpgjAMwZJifGZClda
DBxYUQR3OeAzn09lRhpOdFXpM+MM5GXgRVPmHhtyn60xLMiy5NCRuMtzmP/OaClR
KL9BjWnOH3NzsjAvc1VtNj0DSVGTtnswDmAQgFZVYYesjpiTNFE7EDTBCT1uYVhI
Mr3fV1US3VIfKEZlJrbB9FAccWqC/oHT/DUvhjnDhC3wRdChlEbfCxqaiHU++gsN
66J9r6ZI95PC4w0X3O1hXJeWtm9d8M0SxmAfJ4eBPVOPyFgOI4OFM8fFFie5MeAk
4BsN0Qyu2hD5g2RCFYIinbfFsSdW2WQVa62uoHfWgwLPwYz+sWjAiQIzBBABCgAd
FiEEH4mYPgCB/eAY88yWc6Tye43UeTYFAmPL1SwACgkQc6Tye43UeTb0HQ/+Pwzn
SBBtEV7eLS6qZpS7kosP5aVagUkcTO8UMxZkUqBhm2yW8V885kSic7rZOeWcd0NF
rVpTGH5LH3hi/a13B1S28v7Wy1AxNdlHJVfH5bRq4aSJmtCNNbbhH92IuzpV/YKc
y3ueFdQ3ssLWWKBVc8UGa+qrAre5DXmmawwMLlZ16G7OC7YyppN2EzFnf1rC8AV3
O1UtpZLNq8MkWAk/65UTDbTMS4f6IM57Z9pemBWsxTBKyAKXduKq8zkdnv8B+RPu
PgyhqJUiJ4RgesuYw4AhKqiO4CYQm5gK9IH+hMN6INUBHOkn26OkyjArZgFw/OS7
rT3BZinqSloWiBPhAg/4wdg+Yj/mGktJ3Uiu0Z//QVZ6/OWRAAMNCbrwZcADt9pE
CRS24y8lbNuicfXB7rw+yX8j1mXlily6kVpPtdAJpkE62cHbMYsMKVkUFBQS9Cn1
Pvo5UqB3i+6Rxx50TKkq5OLf/ZciFw4StZYBRlHzgOiyBZRCi8+ze61gmrzv9Z5a
d6UCz0sYara6MmvQv1No+O/emaaO0N15bKFuztfmuoXmWSh93ek5ZNC8Kjb4hHkl
31C1JGPubGsRaoq8YTeVIFEgYIzzfVgofceDy9oVtjcRYikDAbDYVgvSzeVEi05T
TBRW8Xaj/RxIS99Mxog/6oSND5CzjoJ7DnuT2quJAjMEEAEKAB0WIQQFq5A0DAxe
eX9EqMglTPO1rsCo8AUCY8vUIQAKCRAlTPO1rsCo8O0DD/9NpnkalWr7thu1rh18
aItAF3r6/TOR3yhfz7LCRYWnOx4WudV4x/+W1rhFFxB7EvE51FzOjgoGqC2c2pBp
+UR/+YsUKyCe2iTf4z/ZkxGGgpx23Pz9/bMQtQ7YKB1yD7uXu69SaT1gJVOOziFu
gpV8L7wX11qukTHJU1sMemWgbHVyLJAjXkrDt11KcpvUh1q1CcVMQJdhB6xkPhJB
RHrY1Dxg6qipXN3d7CD8AaD9p4Rc8MJO9F3D63JkmRvBn0Ecvsnxxgo/Zl0nbZSy
MODQZA8yevFqrOmyG8o2rIzvM/fjNiiAniIocyt/syK02LCNs3lpvGDqANkvFvYx
faGG5O5mS6pv6BsRBxzoFZI5z+OXNM8IXw5hgDx577aPbcu6t1tRrWUSr5EfFbN5
rYqUtECB7o100b4aFXOP6Ly62WNQABBkenT/aeUGI5VVg6J53+M9OAUagqSVuoVB
a6/AZtD+WN/iBsRc8jwWjWvb+bmvK/fN5wT7A9P+x87I907bQbT/qowDJet5kR0f
+A9F7zy6RXbQ1MCYL9RmUlKX+an3g7s9ZcQssbKfsvONFtieI2xgdL9pLYZKiwJ2
Q7wF61IaD88Yi5iovtbH8Ewqz5lCSzib8h8JqC5vFAj+KgjhFJXr6dC5DqIp9DvE
iJzogcrlmV61SWjg2K3EIJ9Z6IkCMwQQAQoAHRYhBKxTDVIPLzJp9emDE6SESQRK
rVxdBQJjy9SJAAoJEKSESQRKrVxdzGQP/33qzOrxlAOisutKpi038qrhBegZpWIP
oFE05lSMXQVODVRoqbMU6EaWKEFBbX8H0v+N3h84gIrLRWAaDhdmPviY5vJzYJoq
Wd67GSvzkWZLE7/nMTni1Nz4uMuPgEz/2uGtoX4N8hpDvtq+39YazTj92t1vGjHL
3Wuofv8zEl7AkUvvq4qdfwjj/+p4QSzum5xp0/PlNIbHXyGgpR8R1zJzTInrZ78/
bEubmk5VSiZOlnwVBW7dfg2lHb9EKr1TtQjO62ht/NsIEASTN7sHSDOqG3QMABFZ
/TFf0VNvQdU7K4sgw9NnxkqP+NhOIxu1S3R/ii/RmbwMWabRSQb5ZpAxxM0Y7uuK
X92wWmVFOKfKIqdVisWz/hjPREBCDXuwISr5PzUgk9Jd1+iTIHPu/XXKtYDt8oTy
Err:1 http://deb.debian.org/debian trixie InRelease
  403  Forbidden [IP: 151.101.78.132 80]
Err:2 http://deb.debian.org/debian trixie-updates InRelease
  403  Forbidden [IP: 151.101.78.132 80]
Err:3 http://deb.debian.org/debian-security trixie-security InRelease
  403  Forbidden [IP: 151.101.78.132 80]
Reading package lists...
E: The repository 'http://deb.debian.org/debian trixie InRelease' is no longer signed.
E: Failed to fetch http://deb.debian.org/debian/dists/trixie/InRelease  403  Forbidden [IP: 151.101.78.132 80]
E: Failed to fetch http://deb.debian.org/debian/dists/trixie-updates/InRelease  403  Forbidden [IP: 151.101.78.132 80]
E: The repository 'http://deb.debian.org/debian trixie-updates InRelease' is no longer signed.
E: Failed to fetch http://deb.debian.org/debian-security/dists/trixie-security/InRelease  403  Forbidden [IP: 151.101.78.132 80]
E: The repository 'http://deb.debian.org/debian-security trixie-security InRelease' is no longer signed.
